Microchip MPLAB XC8 Compiler V2.30

Linker command line:

-W-3 --edf=C:\Program Files\Microchip\xc8\v2.30\pic\dat\en_msgs.txt -cn \
  -h+dist/default/production\AT_30_09.X.production.sym \
  --cmf=dist/default/production\AT_30_09.X.production.cmf -z -Q18F4520 \
  -oC:\Users\nicol\AppData\Local\Temp\sbdkx2 --defsym=__MPLAB_BUILD=1 \
  -Mdist/default/production/AT_30_09.X.production.map -E1 -ver=XC8 Compiler \
  --acfsm=1493 -ASTACK=032Eh-05FFh -pstack=STACK -ACODE=00h-07FFFh \
  -ACONST=00h-07FFFh -ASMALLCONST=0600h-06FFhx122 \
  -AMEDIUMCONST=0600h-07FFFh -ACOMRAM=01h-07Fh -AABS1=00h-05FFh \
  -ABIGRAM=01h-05FFh -ARAM=080h-0FFh,0100h-01FFhx5 -ABANK0=080h-0FFh \
  -ABANK1=0100h-01FFh -ABANK2=0200h-02FFh -ABANK3=0300h-03FFh \
  -ABANK4=0400h-04FFh -ABANK5=0500h-05FFh -ASFR=0F80h-0FFFh \
  -ACONFIG=0300000h-030000Dh -AIDLOC=0200000h-0200007h \
  -AEEDATA=0F00000h-0F000FFh -peeprom_data=EEDATA \
  -preset_vec=00h,intcode=08h,intcodelo,powerup,init -pramtop=0600h \
  -psmallconst=SMALLCONST -pmediumconst=MEDIUMCONST -pconst=CONST \
  -AFARRAM=00h-00h \
  -prdata=COMRAM,nvrram=COMRAM,nvbit=COMRAM,rbss=COMRAM,rbit=COMRAM \
  -pfarbss=FARRAM,fardata=FARRAM,nvFARRAM=FARRAM \
  -pintsave_regs=BIGRAM,bigbss=BIGRAM,bigdata=BIGRAM -pbss=RAM \
  -pidata=CODE,irdata=CODE,ibigdata=CODE,ifardata=CODE -prparam=COMRAM \
  C:\Users\nicol\AppData\Local\Temp\sbdkx8.o \
  dist/default/production\AT_30_09.X.production.o 

Object code version is 3.11

Machine type is 18F4520



                Name                               Link     Load   Length Selector   Space Scale
C:\Users\nicol\AppData\Local\Temp\sbdkx8.o
                idloc                            200000   200000        8        0       5
                config                           300000   300000        E        0       4
                init                                  E        E        4        4       0
                reset_vec                             0        0        4        0       0
dist/default/production\AT_30_09.X.production.o
                intcode                               8        8        6        4       0
                idloc                            200000   200000        8        0       5
                config                           300000   300000        E        0       4
                temp                                 1E       1E        1        1       1
                text21                              BE2      BE2       26        4       0
                text20                              70C      70C       F0        4       0
                text19                              9A8      9A8       64        4       0
                text18                              8DA      8DA       68        4       0
                text17                              C28      C28        E        4       0
                intcode_body                        396      396      376        4       0
                text15                              A5E      A5E       38        4       0
                text14                              A96      A96       36        4       0
                text13                              942      942       66        4       0
                text12                              BBA      BBA       28        4       0
                text11                              7FC      7FC       74        4       0
                text10                              C1A      C1A        E        4       0
                text9                                12       12      384        4       0
                text8                               B00      B00       34        4       0
                text7                               B66      B66       2C        4       0
                text6                               C36      C36        A        4       0
                text5                               C08      C08       12        4       0
                text4                               B92      B92       28        4       0
                text3                               870      870       6A        4       0
                text2                               B34      B34       32        4       0
                text1                               C40      C40        6        4       0
                text0                               A0C      A0C       52        4       0
                cstackCOMRAM                          1        1       1B        1       1
                cstackBANK1                         100      100       72      100       1
                cstackBANK3                         300      300       2E      300       1
                bssBANK2                            200      200       EA      200       1
                bssBANK0                             80       80        2       80       1
                dataCOMRAM                           1C       1C        2        1       1
                cinit                               ACC      ACC       34        4       0
                idataCOMRAM                         C46      C46        2        4       0

TOTAL           Name                               Link     Load   Length     Space
        CLASS   STACK          

        CLASS   CODE           
                intcode                               8        8        6         0
                init                                  E        E        4         0
                reset_vec                             0        0        4         0
                text21                              BE2      BE2       26         0
                text20                              70C      70C       F0         0
                text19                              9A8      9A8       64         0
                text18                              8DA      8DA       68         0
                text17                              C28      C28        E         0
                intcode_body                        396      396      376         0
                text15                              A5E      A5E       38         0
                text14                              A96      A96       36         0
                text13                              942      942       66         0
                text12                              BBA      BBA       28         0
                text11                              7FC      7FC       74         0
                text10                              C1A      C1A        E         0
                text9                                12       12      384         0
                text8                               B00      B00       34         0
                text7                               B66      B66       2C         0
                text6                               C36      C36        A         0
                text5                               C08      C08       12         0
                text4                               B92      B92       28         0
                text3                               870      870       6A         0
                text2                               B34      B34       32         0
                text1                               C40      C40        6         0
                text0                               A0C      A0C       52         0
                cinit                               ACC      ACC       34         0
                idataCOMRAM                         C46      C46        2         0

        CLASS   CONST          

        CLASS   SMALLCONST     

        CLASS   MEDIUMCONST    

        CLASS   COMRAM         
                temp                                 1E       1E        1         1
                cstackCOMRAM                          1        1       1B         1
                dataCOMRAM                           1C       1C        2         1

        CLASS   ABS1           

        CLASS   BIGRAM         

        CLASS   RAM            

        CLASS   BANK0          
                bssBANK0                             80       80        2         1

        CLASS   BANK1          
                cstackBANK1                         100      100       72         1

        CLASS   BANK2          
                bssBANK2                            200      200       EA         1

        CLASS   BANK3          
                cstackBANK3                         300      300       2E         1

        CLASS   BANK4          

        CLASS   BANK5          

        CLASS   SFR            

        CLASS   CONFIG         
                config                           300000   300000        E         4

        CLASS   IDLOC          
                idloc                            200000   200000        8         5

        CLASS   EEDATA         

        CLASS   FARRAM         



SEGMENTS        Name                           Load    Length   Top    Selector   Space  Class

                reset_vec                      000000  000004  000004         0       0  CODE    
                cstackCOMRAM                   000001  00001E  00001F         1       1  COMRAM  
                intcode                        000008  000C40  000C48         4       0  CODE    
                bssBANK0                       000080  000002  000082        80       1  BANK0   
                cstackBANK1                    000100  000072  000172       100       1  BANK1   
                bssBANK2                       000200  0000EA  0002EA       200       1  BANK2   
                cstackBANK3                    000300  00002E  00032E       300       1  BANK3   


UNUSED ADDRESS RANGES

        Name                Unused          Largest block    Delta
        BANK0            000082-0000FF               7E
        BANK1            000172-0001FF               8E
        BANK2            0002EA-0002FF               16
        BANK3            00032E-0003FF               D2
        BANK4            000400-0004FF              100
        BANK5            000500-0005FF              100
        BIGRAM           00001F-00007F               61
                         000082-0000FF               7E
                         000172-0001FF               8E
                         0002EA-0002FF               16
                         00032E-0005FF              2D2
        CODE             000004-000007                4
                         000C48-007FFF             73B8
        COMRAM           00001F-00007F               61
        CONST            000004-000007                4
                         000C48-007FFF             73B8
        EEDATA           F00000-F000FF              100
        MEDIUMCONST      000C48-007FFF             73B8
        RAM              000082-0000FF               7E
                         000172-0001FF               8E
                         0002EA-0002FF               16
                         00032E-0005FF              100
        SFR              000F80-000FFF               80
        SMALLCONST       000C48-007FFF              100
        STACK            00032E-0005FF              2D2

                                  Symbol Table

?___lwmod                cstackBANK1  000156
?___wmul                 cstackBANK1  000168
?_controle_delay         cstackCOMRAM 000007
?_rr_scheduler           cstackBANK1  00015C
?_scheduler              cstackBANK1  000160
?i1___wmul               cstackBANK1  000156
?i2___lwmod              cstackCOMRAM 000001
?i2___wmul               cstackCOMRAM 000001
?i2_rr_scheduler         cstackCOMRAM 000007
?i2_scheduler            cstackCOMRAM 00000B
_BSR                     (abs)        000FE0
_INTCONbits              (abs)        000FF2
_IRQ_Timer0              intcode      000008
_PORTDbits               (abs)        000F83
_STATUS                  (abs)        000FD8
_STKPTR                  (abs)        000FFC
_T0CONbits               (abs)        000FD5
_TMR0L                   (abs)        000FD6
_TOS                     (abs)        000FFD
_TRISDbits               (abs)        000F95
_WREG                    (abs)        000FE8
__HRAM                   (abs)        000000
__Habs1                  abs1         000000
__Hbank0                 bank0        000000
__Hbank1                 bank1        000000
__Hbank2                 bank2        000000
__Hbank3                 bank3        000000
__Hbank4                 bank4        000000
__Hbank5                 bank5        000000
__Hbigbss                bigbss       000000
__Hbigdata               bigdata      000000
__Hbigram                bigram       000000
__Hbss                   bss          000000
__HbssBANK0              bssBANK0     000000
__HbssBANK2              bssBANK2     000000
__Hcinit                 cinit        000000
__Hclrtext               clrtext      000000
__Hcomram                comram       000000
__Hconfig                config       30000E
__Hconst                 const        000000
__HcstackBANK1           cstackBANK1  000000
__HcstackBANK3           cstackBANK3  000000
__HcstackCOMRAM          cstackCOMRAM 000000
__Hdata                  data         000000
__HdataCOMRAM            dataCOMRAM   000000
__Heeprom_data           eeprom_data  000000
__Hfarbss                farbss       000000
__Hfardata               fardata      000000
__Hibigdata              ibigdata     000000
__Hidata                 idata        000000
__HidataCOMRAM           idataCOMRAM  000000
__Hidloc                 idloc        200008
__Hifardata              ifardata     000000
__Hinit                  init         000012
__Hintcode               intcode      00000E
__Hintcode_body          intcode_body 000000
__Hintcodelo             intcodelo    00000E
__Hintentry              intentry     000000
__Hintret                intret       000000
__Hintsave_regs          intsave_regs 000000
__Hirdata                irdata       000000
__Hmediumconst           mediumconst  000000
__HnvFARRAM              nvFARRAM     000000
__Hnvbit                 nvbit        000000
__Hnvrram                nvrram       000000
__Hparam                 rparam       000000
__Hpowerup               powerup      00000E
__Hram                   ram          000000
__Hramtop                ramtop       000600
__Hrbit                  rbit         000000
__Hrbss                  rbss         000000
__Hrdata                 rdata        000000
__Hreset_vec             reset_vec    000004
__Hrparam                rparam       000000
__Hsfr                   sfr          000000
__Hsmallconst            smallconst   000000
__Hspace_0               (abs)        000C48
__Hspace_1               (abs)        00032E
__Hspace_2               (abs)        000000
__Hspace_4               (abs)        60000E
__Hstack                 stack        000000
__Hstruct                struct       000000
__Htemp                  temp         00001F
__Htext                  text         000000
__Htext0                 text0        000000
__Htext1                 text1        000000
__Htext10                text10       000000
__Htext11                text11       000000
__Htext12                text12       000000
__Htext13                text13       000000
__Htext14                text14       000000
__Htext15                text15       000000
__Htext17                text17       000000
__Htext18                text18       000000
__Htext19                text19       000000
__Htext2                 text2        000000
__Htext20                text20       000000
__Htext21                text21       000000
__Htext22                text22       000000
__Htext3                 text3        000000
__Htext4                 text4        000000
__Htext5                 text5        000000
__Htext6                 text6        000000
__Htext7                 text7        000000
__Htext8                 text8        000000
__Htext9                 text9        000000
__LRAM                   (abs)        000001
__Labs1                  abs1         000000
__Lbank0                 bank0        000000
__Lbank1                 bank1        000000
__Lbank2                 bank2        000000
__Lbank3                 bank3        000000
__Lbank4                 bank4        000000
__Lbank5                 bank5        000000
__Lbigbss                bigbss       000000
__Lbigdata               bigdata      000000
__Lbigram                bigram       000000
__Lbss                   bss          000000
__LbssBANK0              bssBANK0     000000
__LbssBANK2              bssBANK2     000000
__Lcinit                 cinit        000000
__Lclrtext               clrtext      000000
__Lcomram                comram       000000
__Lconfig                config       000000
__Lconst                 const        000000
__LcstackBANK1           cstackBANK1  000000
__LcstackBANK3           cstackBANK3  000000
__LcstackCOMRAM          cstackCOMRAM 000000
__Ldata                  data         000000
__LdataCOMRAM            dataCOMRAM   000000
__Leeprom_data           eeprom_data  000000
__Lfarbss                farbss       000000
__Lfardata               fardata      000000
__Libigdata              ibigdata     000000
__Lidata                 idata        000000
__LidataCOMRAM           idataCOMRAM  000000
__Lidloc                 idloc        000000
__Lifardata              ifardata     000000
__Linit                  init         00000E
__Lintcode               intcode      000008
__Lintcode_body          intcode_body 000000
__Lintcodelo             intcodelo    00000E
__Lintentry              intentry     000000
__Lintret                intret       000000
__Lintsave_regs          intsave_regs 000000
__Lirdata                irdata       000000
__Lmediumconst           mediumconst  000000
__LnvFARRAM              nvFARRAM     000000
__Lnvbit                 nvbit        000000
__Lnvrram                nvrram       000000
__Lparam                 rparam       000000
__Lpowerup               powerup      00000E
__Lram                   ram          000000
__Lramtop                ramtop       000600
__Lrbit                  rbit         000000
__Lrbss                  rbss         000000
__Lrdata                 rdata        000000
__Lreset_vec             reset_vec    000000
__Lrparam                rparam       000000
__Lsfr                   sfr          000000
__Lsmallconst            smallconst   000000
__Lspace_0               (abs)        000000
__Lspace_1               (abs)        000000
__Lspace_2               (abs)        000000
__Lspace_4               (abs)        000000
__Lstack                 stack        000000
__Lstruct                struct       000000
__Ltemp                  temp         00001E
__Ltext                  text         000000
__Ltext0                 text0        000000
__Ltext1                 text1        000000
__Ltext10                text10       000000
__Ltext11                text11       000000
__Ltext12                text12       000000
__Ltext13                text13       000000
__Ltext14                text14       000000
__Ltext15                text15       000000
__Ltext17                text17       000000
__Ltext18                text18       000000
__Ltext19                text19       000000
__Ltext2                 text2        000000
__Ltext20                text20       000000
__Ltext21                text21       000000
__Ltext22                text22       000000
__Ltext3                 text3        000000
__Ltext4                 text4        000000
__Ltext5                 text5        000000
__Ltext6                 text6        000000
__Ltext7                 text7        000000
__Ltext8                 text8        000000
__Ltext9                 text9        000000
__S0                     (abs)        000C48
__S1                     (abs)        00032E
__S2                     (abs)        000000
__S4                     (abs)        000000
__S5                     (abs)        000000
___inthi_sp              stack        000000
___intlo_sp              stack        000000
___lwmod                 text13       000942
___lwmod@counter         cstackBANK1  00015A
___lwmod@dividend        cstackBANK1  000156
___lwmod@divisor         cstackBANK1  000158
___param_bank            (abs)        000000
___rparam_used           (abs)        000001
___sp                    stack        000000
___wmul                  text4        000B92
___wmul@multiplicand     cstackBANK1  00016A
___wmul@multiplier       cstackBANK1  000168
___wmul@product          cstackBANK1  00016C
__accesstop              (abs)        000080
__activetblptr           (abs)        000000
__end_of_IRQ_Timer0      intcode_body 00070C
__end_of___lwmod         text13       0009A8
__end_of___wmul          text4        000BBA
__end_of__initialization cinit        000AF6
__end_of_config_tasks    text6        000C40
__end_of_controle_delay  text20       0007FC
__end_of_main            text0        000A5E
__end_of_os_config       text2        000B66
__end_of_os_start        text1        000C46
__end_of_rr_scheduler    text11       000870
__end_of_scheduler       text10       000C28
__end_of_setup_timer_0   text5        000C1A
__end_of_task_1          text8        000B34
__end_of_task_2          text14       000ACC
__end_of_task_3          text15       000A96
__end_of_task_create     text3        0008DA
__end_of_task_delay      text9        000396
__end_of_task_idle       text7        000B92
__end_ofi1___wmul        text12       000BE2
__end_ofi2___lwmod       text19       000A0C
__end_ofi2___wmul        text21       000C08
__end_ofi2_rr_scheduler  text18       000942
__end_ofi2_scheduler     text17       000C36
__initialization         cinit        000ACC
__mediumconst            mediumconst  000000
__pbssBANK0              bssBANK0     000080
__pbssBANK2              bssBANK2     000200
__pcinit                 cinit        000ACC
__pcstackBANK1           cstackBANK1  000100
__pcstackBANK3           cstackBANK3  000300
__pcstackCOMRAM          cstackCOMRAM 000001
__pdataCOMRAM            dataCOMRAM   00001C
__pidataCOMRAM           idataCOMRAM  000C46
__pintcode               intcode      000008
__pintcode_body          intcode_body 000396
__ptext0                 text0        000A0C
__ptext1                 text1        000C40
__ptext10                text10       000C1A
__ptext11                text11       0007FC
__ptext12                text12       000BBA
__ptext13                text13       000942
__ptext14                text14       000A96
__ptext15                text15       000A5E
__ptext17                text17       000C28
__ptext18                text18       0008DA
__ptext19                text19       0009A8
__ptext2                 text2        000B34
__ptext20                text20       00070C
__ptext21                text21       000BE2
__ptext22                text22       000000
__ptext3                 text3        000870
__ptext4                 text4        000B92
__ptext5                 text5        000C08
__ptext6                 text6        000C36
__ptext7                 text7        000B66
__ptext8                 text8        000B00
__ptext9                 text9        000012
__ramtop                 ramtop       000600
__size_of_IRQ_Timer0     (abs)        000000
__size_of___lwmod        (abs)        000000
__size_of___wmul         (abs)        000000
__size_of_config_tasks   (abs)        000000
__size_of_controle_delay (abs)        000000
__size_of_main           (abs)        000000
__size_of_os_config      (abs)        000000
__size_of_os_start       (abs)        000000
__size_of_rr_scheduler   (abs)        000000
__size_of_scheduler      (abs)        000000
__size_of_setup_timer_0  (abs)        000000
__size_of_task_1         (abs)        000000
__size_of_task_2         (abs)        000000
__size_of_task_3         (abs)        000000
__size_of_task_create    (abs)        000000
__size_of_task_delay     (abs)        000000
__size_of_task_idle      (abs)        000000
__size_ofi1___wmul       (abs)        000000
__size_ofi2___lwmod      (abs)        000000
__size_ofi2___wmul       (abs)        000000
__size_ofi2_rr_scheduler (abs)        000000
__size_ofi2_scheduler    (abs)        000000
__smallconst             smallconst   000000
_config_tasks            text6        000C36
_controle_delay          text20       00070C
_f_aptos                 bssBANK2     000200
_index                   bssBANK0     000080
_main                    text0        000A0C
_os_config               text2        000B34
_os_start                text1        000C40
_quantum                 dataCOMRAM   00001C
_rr_scheduler            text11       0007FC
_scheduler               text10       000C1A
_setup_timer_0           text5        000C08
_task_1                  text8        000B00
_task_2                  text14       000A96
_task_3                  text15       000A5E
_task_create             text3        000870
_task_delay              text9        000012
_task_idle               text7        000B66
btemp                    temp         00001E
controle_delay@flag      cstackCOMRAM 00000B
controle_delay@i         cstackCOMRAM 00000D
end_of_initialization    cinit        000AF6
i1___wmul                text12       000BBA
i1___wmul@multiplicand   cstackBANK1  000158
i1___wmul@multiplier     cstackBANK1  000156
i1___wmul@product        cstackBANK1  00015A
i2___lwmod               text19       0009A8
i2___lwmod@counter       cstackCOMRAM 000005
i2___lwmod@dividend      cstackCOMRAM 000001
i2___lwmod@divisor       cstackCOMRAM 000003
i2___wmul                text21       000BE2
i2___wmul@multiplicand   cstackCOMRAM 000003
i2___wmul@multiplier     cstackCOMRAM 000001
i2___wmul@product        cstackCOMRAM 000005
i2_rr_scheduler          text18       0008DA
i2_scheduler             text17       000C28
i2rr_scheduler@next_task cstackCOMRAM 000009
int$flags                temp         00001E
int_func                 intcode_body 000396
intlevel0                text         000000
intlevel1                text         000000
intlevel2                text         000000
intlevel3                text         000000
rr_scheduler@next_task   cstackBANK1  00015E
stackhi                  (abs)        0005FF
stacklo                  (abs)        00032E
start                    init         00000E
start_initialization     cinit        000ACC
task_create@func         cstackBANK1  000170
task_create@new_task     cstackBANK3  000300
task_create@prior        cstackBANK1  00016E
task_delay@ms            cstackBANK1  000162
ttemp5                   temp         00001F
ttemp6                   temp         000022
ttemp7                   temp         000026
wtemp8                   temp         00001F


FUNCTION INFORMATION:

 *************** function _main *****************
 Defined at:
		line 17 in file "main.c"
 Parameters:    Size  Location     Type
		None
 Auto vars:     Size  Location     Type
		None
 Return value:  Size  Location     Type
                  1    wreg      void 
 Registers used:
		wreg, fsr1l, fsr1h, fsr2l, fsr2h, status,2, status,0, prodl, prodh, cstack
 Tracked objects:
		On entry : 
		On exit  : 
		Unchanged: 
 Data sizes:     COMRAM   BANK0   BANK1   BANK2   BANK3   BANK4   BANK5
      Params:         0       0       0       0       0       0       0
      Locals:         0       0       0       0       0       0       0
      Temps:          0       0       0       0       0       0       0
      Totals:         0       0       0       0       0       0       0
Total ram usage:        0 bytes
 Hardware stack levels required when called:   12
 This function calls:
		_os_config
		_os_start
		_task_create
 This function is called by:
		Startup code after reset
 This function uses a non-reentrant model


 *************** function _os_start *****************
 Defined at:
		line 49 in file "kernel.c"
 Parameters:    Size  Location     Type
		None
 Auto vars:     Size  Location     Type
		None
 Return value:  Size  Location     Type
                  1    wreg      void 
 Registers used:
		None
 Tracked objects:
		On entry : 
		On exit  : 
		Unchanged: 
 Data sizes:     COMRAM   BANK0   BANK1   BANK2   BANK3   BANK4   BANK5
      Params:         0       0       0       0       0       0       0
      Locals:         0       0       0       0       0       0       0
      Temps:          0       0       0       0       0       0       0
      Totals:         0       0       0       0       0       0       0
Total ram usage:        0 bytes
 Hardware stack levels used:    1
 Hardware stack levels required when called:    9
 This function calls:
		Nothing
 This function is called by:
		_main
 This function uses a non-reentrant model


 *************** function _os_config *****************
 Defined at:
		line 60 in file "kernel.c"
 Parameters:    Size  Location     Type
		None
 Auto vars:     Size  Location     Type
		None
 Return value:  Size  Location     Type
                  1    wreg      void 
 Registers used:
		wreg, fsr1l, fsr1h, fsr2l, fsr2h, status,2, status,0, prodl, prodh, cstack
 Tracked objects:
		On entry : 
		On exit  : 
		Unchanged: 
 Data sizes:     COMRAM   BANK0   BANK1   BANK2   BANK3   BANK4   BANK5
      Params:         0       0       0       0       0       0       0
      Locals:         0       0       0       0       0       0       0
      Temps:          0       0       0       0       0       0       0
      Totals:         0       0       0       0       0       0       0
Total ram usage:        0 bytes
 Hardware stack levels used:    1
 Hardware stack levels required when called:   11
 This function calls:
		_config_tasks
		_setup_timer_0
		_task_create
 This function is called by:
		_main
 This function uses a non-reentrant model


 *************** function _task_create *****************
 Defined at:
		line 34 in file "kernel.c"
 Parameters:    Size  Location     Type
  prior           2  110[BANK1 ] unsigned int 
  func            2  112[BANK1 ] PTR FTN()void 
		 -> task_idle(1), task_3(1), task_2(1), task_1(1), 
 Auto vars:     Size  Location     Type
  new_task       46    0[BANK3 ] struct tcb
 Return value:  Size  Location     Type
                  1    wreg      void 
 Registers used:
		wreg, fsr1l, fsr1h, fsr2l, fsr2h, status,2, status,0, prodl, prodh, cstack
 Tracked objects:
		On entry : 
		On exit  : 
		Unchanged: 
 Data sizes:     COMRAM   BANK0   BANK1   BANK2   BANK3   BANK4   BANK5
      Params:         0       0       4       0       0       0       0
      Locals:         0       0       0       0      46       0       0
      Temps:          0       0       0       0       0       0       0
      Totals:         0       0       4       0      46       0       0
Total ram usage:       50 bytes
 Hardware stack levels used:    1
 Hardware stack levels required when called:   10
 This function calls:
		___wmul
 This function is called by:
		_main
		_os_config
 This function uses a non-reentrant model


 *************** function ___wmul *****************
 Defined at:
		line 15 in file "C:\Program Files\Microchip\xc8\v2.30\pic\sources\c99\common\Umul16.c"
 Parameters:    Size  Location     Type
  multiplier      2  104[BANK1 ] unsigned int 
  multiplicand    2  106[BANK1 ] unsigned int 
 Auto vars:     Size  Location     Type
  product         2  108[BANK1 ] unsigned int 
 Return value:  Size  Location     Type
                  2  104[BANK1 ] unsigned int 
 Registers used:
		wreg, status,2, status,0, prodl, prodh
 Tracked objects:
		On entry : 
		On exit  : 
		Unchanged: 
 Data sizes:     COMRAM   BANK0   BANK1   BANK2   BANK3   BANK4   BANK5
      Params:         0       0       4       0       0       0       0
      Locals:         0       0       2       0       0       0       0
      Temps:          0       0       0       0       0       0       0
      Totals:         0       0       6       0       0       0       0
Total ram usage:        6 bytes
 Hardware stack levels used:    1
 Hardware stack levels required when called:    9
 This function calls:
		Nothing
 This function is called by:
		_task_create
		_get_task_id
		_sem_wait
		_sem_post
 This function uses a non-reentrant model


 *************** function _setup_timer_0 *****************
 Defined at:
		line 15 in file "timer.c"
 Parameters:    Size  Location     Type
		None
 Auto vars:     Size  Location     Type
		None
 Return value:  Size  Location     Type
                  1    wreg      void 
 Registers used:
		wreg, status,2
 Tracked objects:
		On entry : 
		On exit  : 
		Unchanged: 
 Data sizes:     COMRAM   BANK0   BANK1   BANK2   BANK3   BANK4   BANK5
      Params:         0       0       0       0       0       0       0
      Locals:         0       0       0       0       0       0       0
      Temps:          0       0       0       0       0       0       0
      Totals:         0       0       0       0       0       0       0
Total ram usage:        0 bytes
 Hardware stack levels used:    1
 Hardware stack levels required when called:    9
 This function calls:
		Nothing
 This function is called by:
		_os_config
 This function uses a non-reentrant model


 *************** function _config_tasks *****************
 Defined at:
		line 11 in file "tasks.c"
 Parameters:    Size  Location     Type
		None
 Auto vars:     Size  Location     Type
		None
 Return value:  Size  Location     Type
                  1    wreg      void 
 Registers used:
		None
 Tracked objects:
		On entry : 
		On exit  : 
		Unchanged: 
 Data sizes:     COMRAM   BANK0   BANK1   BANK2   BANK3   BANK4   BANK5
      Params:         0       0       0       0       0       0       0
      Locals:         0       0       0       0       0       0       0
      Temps:          0       0       0       0       0       0       0
      Totals:         0       0       0       0       0       0       0
Total ram usage:        0 bytes
 Hardware stack levels used:    1
 Hardware stack levels required when called:    9
 This function calls:
		Nothing
 This function is called by:
		_os_config
 This function uses a non-reentrant model


 *************** function _task_idle *****************
 Defined at:
		line 79 in file "kernel.c"
 Parameters:    Size  Location     Type
		None
 Auto vars:     Size  Location     Type
		None
 Return value:  Size  Location     Type
                  1    wreg      void 
 Registers used:
		wreg, status,2, status,0
 Tracked objects:
		On entry : 
		On exit  : 
		Unchanged: 
 Data sizes:     COMRAM   BANK0   BANK1   BANK2   BANK3   BANK4   BANK5
      Params:         0       0       0       0       0       0       0
      Locals:         0       0       0       0       0       0       0
      Temps:          1       0       0       0       0       0       0
      Totals:         1       0       0       0       0       0       0
Total ram usage:        1 bytes
 Hardware stack levels used:    1
 Hardware stack levels required when called:    4
 This function calls:
		Nothing
 This function is called by:
		_os_config
 This function uses a non-reentrant model


 *************** function _task_1 *****************
 Defined at:
		line 19 in file "tasks.c"
 Parameters:    Size  Location     Type
		None
 Auto vars:     Size  Location     Type
		None
 Return value:  Size  Location     Type
                  1    wreg      void 
 Registers used:
		wreg, fsr2l, fsr2h, status,2, status,0, prodl, prodh, cstack
 Tracked objects:
		On entry : 
		On exit  : 
		Unchanged: 
 Data sizes:     COMRAM   BANK0   BANK1   BANK2   BANK3   BANK4   BANK5
      Params:         0       0       0       0       0       0       0
      Locals:         0       0       0       0       0       0       0
      Temps:          1       0       0       0       0       0       0
      Totals:         1       0       0       0       0       0       0
Total ram usage:        1 bytes
 Hardware stack levels used:    1
 Hardware stack levels required when called:    8
 This function calls:
		_task_delay
 This function is called by:
		_main
 This function uses a non-reentrant model


 *************** function _task_delay *****************
 Defined at:
		line 18 in file "kernel.c"
 Parameters:    Size  Location     Type
  ms              2   98[BANK1 ] unsigned int 
 Auto vars:     Size  Location     Type
		None
 Return value:  Size  Location     Type
                  1    wreg      void 
 Registers used:
		wreg, fsr2l, fsr2h, status,2, status,0, prodl, prodh, cstack
 Tracked objects:
		On entry : 
		On exit  : 
		Unchanged: 
 Data sizes:     COMRAM   BANK0   BANK1   BANK2   BANK3   BANK4   BANK5
      Params:         0       0       2       0       0       0       0
      Locals:         0       0       0       0       0       0       0
      Temps:          0       0       3       0       0       0       0
      Totals:         0       0       5       0       0       0       0
Total ram usage:        5 bytes
 Hardware stack levels used:    1
 Hardware stack levels required when called:    7
 This function calls:
		_scheduler
		i1___wmul
 This function is called by:
		_task_1
		_task_2
		_task_3
 This function uses a non-reentrant model


 *************** function _scheduler *****************
 Defined at:
		line 12 in file "scheduler.c"
 Parameters:    Size  Location     Type
		None
 Auto vars:     Size  Location     Type
		None
 Return value:  Size  Location     Type
                  2   96[BANK1 ] unsigned int 
 Registers used:
		wreg, fsr2l, fsr2h, status,2, status,0, prodl, prodh, cstack
 Tracked objects:
		On entry : 
		On exit  : 
		Unchanged: 
 Data sizes:     COMRAM   BANK0   BANK1   BANK2   BANK3   BANK4   BANK5
      Params:         0       0       2       0       0       0       0
      Locals:         0       0       0       0       0       0       0
      Temps:          0       0       0       0       0       0       0
      Totals:         0       0       2       0       0       0       0
Total ram usage:        2 bytes
 Hardware stack levels used:    1
 Hardware stack levels required when called:    6
 This function calls:
		_rr_scheduler
 This function is called by:
		_task_delay
		_sem_wait
 This function uses a non-reentrant model


 *************** function _rr_scheduler *****************
 Defined at:
		line 22 in file "scheduler.c"
 Parameters:    Size  Location     Type
		None
 Auto vars:     Size  Location     Type
  next_task       2   94[BANK1 ] unsigned int 
 Return value:  Size  Location     Type
                  2   92[BANK1 ] unsigned int 
 Registers used:
		wreg, fsr2l, fsr2h, status,2, status,0, prodl, prodh, cstack
 Tracked objects:
		On entry : 
		On exit  : 
		Unchanged: 
 Data sizes:     COMRAM   BANK0   BANK1   BANK2   BANK3   BANK4   BANK5
      Params:         0       0       2       0       0       0       0
      Locals:         0       0       2       0       0       0       0
      Temps:          0       0       0       0       0       0       0
      Totals:         0       0       4       0       0       0       0
Total ram usage:        4 bytes
 Hardware stack levels used:    1
 Hardware stack levels required when called:    5
 This function calls:
		___lwmod
		i1___wmul
 This function is called by:
		_scheduler
 This function uses a non-reentrant model


 *************** function i1___wmul *****************
 Defined at:
		line 15 in file "C:\Program Files\Microchip\xc8\v2.30\pic\sources\c99\common\Umul16.c"
 Parameters:    Size  Location     Type
  multiplier      2   86[BANK1 ] unsigned int 
  multiplicand    2   88[BANK1 ] unsigned int 
 Auto vars:     Size  Location     Type
  product         2   90[BANK1 ] unsigned int 
 Return value:  Size  Location     Type
                  2   86[BANK1 ] unsigned int 
 Registers used:
		wreg, status,2, status,0, prodl, prodh
 Tracked objects:
		On entry : 
		On exit  : 
		Unchanged: 
 Data sizes:     COMRAM   BANK0   BANK1   BANK2   BANK3   BANK4   BANK5
      Params:         0       0       4       0       0       0       0
      Locals:         0       0       2       0       0       0       0
      Temps:          0       0       0       0       0       0       0
      Totals:         0       0       6       0       0       0       0
Total ram usage:        6 bytes
 Hardware stack levels used:    1
 Hardware stack levels required when called:    4
 This function calls:
		Nothing
 This function is called by:
		_task_delay
		_rr_scheduler
 This function uses a non-reentrant model


 *************** function ___lwmod *****************
 Defined at:
		line 7 in file "C:\Program Files\Microchip\xc8\v2.30\pic\sources\c99\common\lwmod.c"
 Parameters:    Size  Location     Type
  dividend        2   86[BANK1 ] unsigned int 
  divisor         2   88[BANK1 ] unsigned int 
 Auto vars:     Size  Location     Type
  counter         1   90[BANK1 ] unsigned char 
 Return value:  Size  Location     Type
                  2   86[BANK1 ] unsigned int 
 Registers used:
		wreg, status,2, status,0
 Tracked objects:
		On entry : 
		On exit  : 
		Unchanged: 
 Data sizes:     COMRAM   BANK0   BANK1   BANK2   BANK3   BANK4   BANK5
      Params:         0       0       4       0       0       0       0
      Locals:         0       0       1       0       0       0       0
      Temps:          0       0       0       0       0       0       0
      Totals:         0       0       5       0       0       0       0
Total ram usage:        5 bytes
 Hardware stack levels used:    1
 Hardware stack levels required when called:    4
 This function calls:
		Nothing
 This function is called by:
		_rr_scheduler
 This function uses a non-reentrant model


 *************** function _task_2 *****************
 Defined at:
		line 27 in file "tasks.c"
 Parameters:    Size  Location     Type
		None
 Auto vars:     Size  Location     Type
		None
 Return value:  Size  Location     Type
                  1    wreg      void 
 Registers used:
		wreg, fsr2l, fsr2h, status,2, status,0, prodl, prodh, cstack
 Tracked objects:
		On entry : 
		On exit  : 
		Unchanged: 
 Data sizes:     COMRAM   BANK0   BANK1   BANK2   BANK3   BANK4   BANK5
      Params:         0       0       0       0       0       0       0
      Locals:         0       0       0       0       0       0       0
      Temps:          1       0       0       0       0       0       0
      Totals:         1       0       0       0       0       0       0
Total ram usage:        1 bytes
 Hardware stack levels used:    1
 Hardware stack levels required when called:    8
 This function calls:
		_task_delay
 This function is called by:
		_main
 This function uses a non-reentrant model


 *************** function _task_3 *****************
 Defined at:
		line 35 in file "tasks.c"
 Parameters:    Size  Location     Type
		None
 Auto vars:     Size  Location     Type
		None
 Return value:  Size  Location     Type
                  1    wreg      void 
 Registers used:
		wreg, fsr2l, fsr2h, status,2, status,0, prodl, prodh, cstack
 Tracked objects:
		On entry : 
		On exit  : 
		Unchanged: 
 Data sizes:     COMRAM   BANK0   BANK1   BANK2   BANK3   BANK4   BANK5
      Params:         0       0       0       0       0       0       0
      Locals:         0       0       0       0       0       0       0
      Temps:          0       0       1       0       0       0       0
      Totals:         0       0       1       0       0       0       0
Total ram usage:        1 bytes
 Hardware stack levels used:    1
 Hardware stack levels required when called:    8
 This function calls:
		_task_delay
 This function is called by:
		_main
 This function uses a non-reentrant model


 *************** function _IRQ_Timer0 *****************
 Defined at:
		line 44 in file "timer.c"
 Parameters:    Size  Location     Type
		None
 Auto vars:     Size  Location     Type
  i               1    0        unsigned char 
 Return value:  Size  Location     Type
                  1    wreg      void 
 Registers used:
		wreg, fsr2l, fsr2h, status,2, status,0, prodl, prodh, cstack
 Tracked objects:
		On entry : 
		On exit  : 
		Unchanged: 
 Data sizes:     COMRAM   BANK0   BANK1   BANK2   BANK3   BANK4   BANK5
      Params:         0       0       0       0       0       0       0
      Locals:         0       0       0       0       0       0       0
      Temps:          7       0       0       0       0       0       0
      Totals:         7       0       0       0       0       0       0
Total ram usage:        7 bytes
 Hardware stack levels used:    1
 Hardware stack levels required when called:    3
 This function calls:
		_controle_delay
		i2___wmul
		i2_scheduler
 This function is called by:
		Interrupt level 2
 This function uses a non-reentrant model


 *************** function i2_scheduler *****************
 Defined at:
		line 12 in file "scheduler.c"
 Parameters:    Size  Location     Type
		None
 Auto vars:     Size  Location     Type
		None
 Return value:  Size  Location     Type
                  2   10[COMRAM] unsigned int 
 Registers used:
		wreg, fsr2l, fsr2h, status,2, status,0, prodl, prodh, cstack
 Tracked objects:
		On entry : 
		On exit  : 
		Unchanged: 
 Data sizes:     COMRAM   BANK0   BANK1   BANK2   BANK3   BANK4   BANK5
      Params:         2       0       0       0       0       0       0
      Locals:         0       0       0       0       0       0       0
      Temps:          0       0       0       0       0       0       0
      Totals:         2       0       0       0       0       0       0
Total ram usage:        2 bytes
 Hardware stack levels used:    1
 Hardware stack levels required when called:    2
 This function calls:
		i2_rr_scheduler
 This function is called by:
		_IRQ_Timer0
 This function uses a non-reentrant model


 *************** function i2_rr_scheduler *****************
 Defined at:
		line 22 in file "scheduler.c"
 Parameters:    Size  Location     Type
		None
 Auto vars:     Size  Location     Type
  next_task       2    8[COMRAM] unsigned int 
 Return value:  Size  Location     Type
                  2    6[COMRAM] unsigned int 
 Registers used:
		wreg, fsr2l, fsr2h, status,2, status,0, prodl, prodh, cstack
 Tracked objects:
		On entry : 
		On exit  : 
		Unchanged: 
 Data sizes:     COMRAM   BANK0   BANK1   BANK2   BANK3   BANK4   BANK5
      Params:         2       0       0       0       0       0       0
      Locals:         2       0       0       0       0       0       0
      Temps:          0       0       0       0       0       0       0
      Totals:         4       0       0       0       0       0       0
Total ram usage:        4 bytes
 Hardware stack levels used:    1
 Hardware stack levels required when called:    1
 This function calls:
		i2___lwmod
		i2___wmul
 This function is called by:
		i2_scheduler
 This function uses a non-reentrant model


 *************** function i2___lwmod *****************
 Defined at:
		line 7 in file "C:\Program Files\Microchip\xc8\v2.30\pic\sources\c99\common\lwmod.c"
 Parameters:    Size  Location     Type
  dividend        2    0[COMRAM] unsigned int 
  divisor         2    2[COMRAM] unsigned int 
 Auto vars:     Size  Location     Type
  counter         1    4[COMRAM] unsigned char 
 Return value:  Size  Location     Type
                  2    0[COMRAM] unsigned int 
 Registers used:
		wreg, status,2, status,0
 Tracked objects:
		On entry : 
		On exit  : 
		Unchanged: 
 Data sizes:     COMRAM   BANK0   BANK1   BANK2   BANK3   BANK4   BANK5
      Params:         4       0       0       0       0       0       0
      Locals:         1       0       0       0       0       0       0
      Temps:          0       0       0       0       0       0       0
      Totals:         5       0       0       0       0       0       0
Total ram usage:        5 bytes
 Hardware stack levels used:    1
 This function calls:
		Nothing
 This function is called by:
		i2_rr_scheduler
 This function uses a non-reentrant model


 *************** function _controle_delay *****************
 Defined at:
		line 26 in file "timer.c"
 Parameters:    Size  Location     Type
		None
 Auto vars:     Size  Location     Type
  i               2   12[COMRAM] int 
  flag            2   10[COMRAM] int 
 Return value:  Size  Location     Type
                  2    6[COMRAM] unsigned int 
 Registers used:
		wreg, fsr2l, fsr2h, status,2, status,0, prodl, prodh, cstack
 Tracked objects:
		On entry : 
		On exit  : 
		Unchanged: 
 Data sizes:     COMRAM   BANK0   BANK1   BANK2   BANK3   BANK4   BANK5
      Params:         2       0       0       0       0       0       0
      Locals:         4       0       0       0       0       0       0
      Temps:          2       0       0       0       0       0       0
      Totals:         8       0       0       0       0       0       0
Total ram usage:        8 bytes
 Hardware stack levels used:    1
 Hardware stack levels required when called:    1
 This function calls:
		i2___wmul
 This function is called by:
		_IRQ_Timer0
 This function uses a non-reentrant model


 *************** function i2___wmul *****************
 Defined at:
		line 15 in file "C:\Program Files\Microchip\xc8\v2.30\pic\sources\c99\common\Umul16.c"
 Parameters:    Size  Location     Type
  multiplier      2    0[COMRAM] unsigned int 
  multiplicand    2    2[COMRAM] unsigned int 
 Auto vars:     Size  Location     Type
  product         2    4[COMRAM] unsigned int 
 Return value:  Size  Location     Type
                  2    0[COMRAM] unsigned int 
 Registers used:
		wreg, status,2, status,0, prodl, prodh
 Tracked objects:
		On entry : 
		On exit  : 
		Unchanged: 
 Data sizes:     COMRAM   BANK0   BANK1   BANK2   BANK3   BANK4   BANK5
      Params:         4       0       0       0       0       0       0
      Locals:         2       0       0       0       0       0       0
      Temps:          0       0       0       0       0       0       0
      Totals:         6       0       0       0       0       0       0
Total ram usage:        6 bytes
 Hardware stack levels used:    1
 This function calls:
		Nothing
 This function is called by:
		_controle_delay
		_IRQ_Timer0
		i2_rr_scheduler
 This function uses a non-reentrant model



MODULE INFORMATION

Module		Function		Class		Link	Load	Size
C:\Program Files\Microchip\xc8\v2.30\pic\sources\c99\common\lwmod.c
		___lwmod       		CODE           	0942	0000	102

C:\Program Files\Microchip\xc8\v2.30\pic\sources\c99\common\lwmod.c estimated size: 102

C:\Program Files\Microchip\xc8\v2.30\pic\sources\c99\common\Umul16.c
		___wmul        		CODE           	0B92	0000	40

C:\Program Files\Microchip\xc8\v2.30\pic\sources\c99\common\Umul16.c estimated size: 40

timer.c
		_setup_timer_0 		CODE           	0C08	0000	18
		_controle_delay		CODE           	070C	0000	240
		_IRQ_Timer0    		CODE           	0008	0000	892

timer.c estimated size: 1150

tasks.c
		_task_2        		CODE           	0A96	0000	54
		_task_3        		CODE           	0A5E	0000	56
		_task_1        		CODE           	0B00	0000	52
		_config_tasks  		CODE           	0C36	0000	10

tasks.c estimated size: 172

kernel.c
		_task_create   		CODE           	0870	0000	106
		_os_config     		CODE           	0B34	0000	50
		_os_start      		CODE           	0C40	0000	6
		_task_delay    		CODE           	0012	0000	900
		_task_idle     		CODE           	0B66	0000	44

kernel.c estimated size: 1106

shared
		i1___wmul      		CODE           	0BBA	0000	40
		i2___wmul      		CODE           	0BE2	0000	38
		i2___lwmod     		CODE           	09A8	0000	100
		__initialization		CODE           	0ACC	0000	42
		i2_scheduler   		CODE           	0C28	0000	14
		i2_rr_scheduler		CODE           	08DA	0000	104

shared estimated size: 338

scheduler.c
		_rr_scheduler  		CODE           	07FC	0000	116
		_scheduler     		CODE           	0C1A	0000	14

scheduler.c estimated size: 130

main.c
		_main          		CODE           	0A0C	0000	82

main.c estimated size: 82

