Microchip MPLAB XC8 Compiler V2.30

Linker command line:

-W-3 --edf=C:\Program Files\Microchip\xc8\v2.30\pic\dat\en_msgs.txt -cn \
  -h+dist/default/production\Trabalho_1.X.production.sym \
  --cmf=dist/default/production\Trabalho_1.X.production.cmf -z -Q18F4520 \
  -oC:\Users\nicol\AppData\Local\Temp\s88kx2 --defsym=__MPLAB_BUILD=1 \
  -Mdist/default/production/Trabalho_1.X.production.map -E1 \
  -ver=XC8 Compiler --acfsm=1493 -ASTACK=0583h-05FFh -pstack=STACK \
  -ACODE=00h-07FFFh -ACONST=00h-07FFFh -ASMALLCONST=0600h-06FFhx122 \
  -AMEDIUMCONST=0600h-07FFFh -ACOMRAM=01h-07Fh -AABS1=00h-05FFh \
  -ABIGRAM=01h-05FFh -ARAM=080h-0FFh,0100h-01FFhx5 -ABANK0=080h-0FFh \
  -ABANK1=0100h-01FFh -ABANK2=0200h-02FFh -ABANK3=0300h-03FFh \
  -ABANK4=0400h-04FFh -ABANK5=0500h-05FFh -ASFR=0F80h-0FFFh \
  -ACONFIG=0300000h-030000Dh -AIDLOC=0200000h-0200007h \
  -AEEDATA=0F00000h-0F000FFh -peeprom_data=EEDATA \
  -preset_vec=00h,intcode=08h,intcodelo,powerup,init -pramtop=0600h \
  -psmallconst=SMALLCONST -pmediumconst=MEDIUMCONST -pconst=CONST \
  -AFARRAM=00h-00h \
  -prdata=COMRAM,nvrram=COMRAM,nvbit=COMRAM,rbss=COMRAM,rbit=COMRAM \
  -pfarbss=FARRAM,fardata=FARRAM,nvFARRAM=FARRAM \
  -pintsave_regs=BIGRAM,bigbss=BIGRAM,bigdata=BIGRAM -pbss=RAM \
  -pidata=CODE,irdata=CODE,ibigdata=CODE,ifardata=CODE -prparam=COMRAM \
  C:\Users\nicol\AppData\Local\Temp\s88kx8.o \
  dist/default/production\Trabalho_1.X.production.o 

Object code version is 3.11

Machine type is 18F4520



                Name                               Link     Load   Length Selector   Space Scale
C:\Users\nicol\AppData\Local\Temp\s88kx8.o
                idloc                            200000   200000        8        0       5
                config                           300000   300000        E        0       4
                init                                  E        E        4        4       0
                reset_vec                             0        0        4        0       0
dist/default/production\Trabalho_1.X.production.o
                intcode                               8        8        6        4       0
                idloc                            200000   200000        8        0       5
                config                           300000   300000        E        0       4
                temp                                 4C       4C        1        1       1
                text31                             15EC     15EC       26        4       0
                text30                              CE0      CE0       DA        4       0
                text29                             1234     1234       6C        4       0
                text28                             1636     1636        E        4       0
                intcode_body                        53E      53E      496        4       0
                text26                             14AE     14AE       46        4       0
                text25                              FB0      FB0       90        4       0
                text24                             1468     1468       46        4       0
                text23                             1040     1040       8C        4       0
                text22                              DBA      DBA       CA        4       0
                text21                              AFA      AFA      10C        4       0
                text20                             152E     152E       3A        4       0
                text19                             1308     1308       66        4       0
                text18                              F1C      F1C       94        4       0
                text17                             15C4     15C4       28        4       0
                text16                             11C4     11C4       70        4       0
                text15                             1628     1628        E        4       0
                text14                               12       12      52C        4       0
                text13                             1568     1568       34        4       0
                text12                             1650     1650        8        4       0
                text11                             12A0     12A0       68        4       0
                text10                              C06      C06       DA        4       0
                text9                               9D4      9D4      126        4       0
                text8                              136E     136E       58        4       0
                text7                              13C6     13C6       54        4       0
                text6                              10CC     10CC       86        4       0
                text5                              1612     1612       16        4       0
                text4                              159C     159C       28        4       0
                text3                              1152     1152       72        4       0
                text2                              14F4     14F4       3A        4       0
                text1                              1644     1644        C        4       0
                text0                               E84      E84       98        4       0
                cstackCOMRAM                         27       27       23        1       1
                cstackBANK0                          80       80       1D       80       1
                cstackBANK1                         100      100       79      100       1
                bssBIGRAM                           179      179      40A      179       1
                bssBANK0                             9D       9D       18       80       1
                dataCOMRAM                           4A       4A        2        1       1
                bssCOMRAM                             1        1       26        1       1
                cinit                              141A     141A       4E        4       0
                idataCOMRAM                        1658     1658        2        4       0

TOTAL           Name                               Link     Load   Length     Space
        CLASS   STACK          

        CLASS   CODE           
                intcode                               8        8        6         0
                init                                  E        E        4         0
                reset_vec                             0        0        4         0
                text31                             15EC     15EC       26         0
                text30                              CE0      CE0       DA         0
                text29                             1234     1234       6C         0
                text28                             1636     1636        E         0
                intcode_body                        53E      53E      496         0
                text26                             14AE     14AE       46         0
                text25                              FB0      FB0       90         0
                text24                             1468     1468       46         0
                text23                             1040     1040       8C         0
                text22                              DBA      DBA       CA         0
                text21                              AFA      AFA      10C         0
                text20                             152E     152E       3A         0
                text19                             1308     1308       66         0
                text18                              F1C      F1C       94         0
                text17                             15C4     15C4       28         0
                text16                             11C4     11C4       70         0
                text15                             1628     1628        E         0
                text14                               12       12      52C         0
                text13                             1568     1568       34         0
                text12                             1650     1650        8         0
                text11                             12A0     12A0       68         0
                text10                              C06      C06       DA         0
                text9                               9D4      9D4      126         0
                text8                              136E     136E       58         0
                text7                              13C6     13C6       54         0
                text6                              10CC     10CC       86         0
                text5                              1612     1612       16         0
                text4                              159C     159C       28         0
                text3                              1152     1152       72         0
                text2                              14F4     14F4       3A         0
                text1                              1644     1644        C         0
                text0                               E84      E84       98         0
                cinit                              141A     141A       4E         0
                idataCOMRAM                        1658     1658        2         0

        CLASS   CONST          

        CLASS   SMALLCONST     

        CLASS   MEDIUMCONST    

        CLASS   COMRAM         
                temp                                 4C       4C        1         1
                cstackCOMRAM                         27       27       23         1
                dataCOMRAM                           4A       4A        2         1
                bssCOMRAM                             1        1       26         1

        CLASS   ABS1           

        CLASS   BIGRAM         
                bssBIGRAM                           179      179      40A         1

        CLASS   RAM            

        CLASS   BANK0          
                cstackBANK0                          80       80       1D         1
                bssBANK0                             9D       9D       18         1

        CLASS   BANK1          
                cstackBANK1                         100      100       79         1

        CLASS   BANK2          

        CLASS   BANK3          

        CLASS   BANK4          

        CLASS   BANK5          

        CLASS   SFR            

        CLASS   CONFIG         
                config                           300000   300000        E         4

        CLASS   IDLOC          
                idloc                            200000   200000        8         5

        CLASS   EEDATA         

        CLASS   FARRAM         



SEGMENTS        Name                           Load    Length   Top    Selector   Space  Class

                reset_vec                      000000  000004  000004         0       0  CODE    
                bssCOMRAM                      000001  00004C  00004D         1       1  COMRAM  
                intcode                        000008  001652  00165A         4       0  CODE    
                cstackBANK0                    000080  000035  0000B5        80       1  BANK0   
                cstackBANK1                    000100  000079  000179       100       1  BANK1   
                bssBIGRAM                      000179  00040A  000583       179       1  BIGRAM  


UNUSED ADDRESS RANGES

        Name                Unused          Largest block    Delta
        BANK0            0000B5-0000FF               4B
        BANK5            000583-0005FF               7D
        BIGRAM           00004D-00007F               33
                         0000B5-0000FF               4B
                         000583-0005FF               7D
        CODE             000004-000007                4
                         00165A-007FFF             69A6
        COMRAM           00004D-00007F               33
        CONST            000004-000007                4
                         00165A-007FFF             69A6
        EEDATA           F00000-F000FF              100
        MEDIUMCONST      00165A-007FFF             69A6
        RAM              0000B5-0000FF               4B
                         000583-0005FF               7D
        SFR              000F80-000FFF               80
        SMALLCONST       00165A-007FFF              100
        STACK            000583-0005FF               7D

                                  Symbol Table

?_SRAMalloc              cstackBANK1  00012B
?___lwmod                cstackBANK0  000097
?___wmul                 cstackBANK1  000123
?_rr_scheduler           cstackCOMRAM 00003C
?_scheduler              cstackCOMRAM 000042
?i1___wmul               cstackBANK0  000097
?i2___wmul               cstackCOMRAM 000027
?i2_rr_scheduler         cstackCOMRAM 00002D
?i2_scheduler            cstackCOMRAM 000033
SRAMInitHeap@count       cstackBANK1  000125
SRAMInitHeap@pHeap       cstackBANK1  000123
SRAMalloc@nBytes         cstackBANK1  000133
SRAMalloc@pHeap          cstackBANK1  000134
SRAMalloc@segHeader      cstackBANK1  000132
SRAMalloc@segLen         cstackBANK1  000131
SRAMalloc@temp           cstackBANK1  00012F
_BSR                     (abs)        000FE0
_INTCONbits              (abs)        000FF2
_IRQ_Timer0              intcode      000008
_PORTBbits               (abs)        000F81
_PORTDbits               (abs)        000F83
_SRAMInitHeap            text11       0012A0
_SRAMalloc               text9        0009D4
_STATUS                  (abs)        000FD8
_STKPTR                  (abs)        000FFC
_T0CONbits               (abs)        000FD5
_TMR0L                   (abs)        000FD6
_TOS                     (abs)        000FFD
_TOSH                    (abs)        000FFE
_TOSL                    (abs)        000FFD
_TOSU                    (abs)        000FFF
_TRISBbits               (abs)        000F93
_TRISDbits               (abs)        000F95
_WREG                    (abs)        000FE8
__HRAM                   (abs)        000000
__Habs1                  abs1         000000
__Hbank0                 bank0        000000
__Hbank1                 bank1        000000
__Hbank2                 bank2        000000
__Hbank3                 bank3        000000
__Hbank4                 bank4        000000
__Hbank5                 bank5        000000
__Hbigbss                bigbss       000000
__Hbigdata               bigdata      000000
__Hbigram                bigram       000000
__Hbss                   bss          000000
__HbssBANK0              bssBANK0     000000
__HbssBIGRAM             bssBIGRAM    000000
__HbssCOMRAM             bssCOMRAM    000000
__Hcinit                 cinit        000000
__Hclrtext               clrtext      000000
__Hcomram                comram       000000
__Hconfig                config       30000E
__Hconst                 const        000000
__HcstackBANK0           cstackBANK0  000000
__HcstackBANK1           cstackBANK1  000000
__HcstackCOMRAM          cstackCOMRAM 000000
__Hdata                  data         000000
__HdataCOMRAM            dataCOMRAM   000000
__Heeprom_data           eeprom_data  000000
__Hfarbss                farbss       000000
__Hfardata               fardata      000000
__Hibigdata              ibigdata     000000
__Hidata                 idata        000000
__HidataCOMRAM           idataCOMRAM  000000
__Hidloc                 idloc        200008
__Hifardata              ifardata     000000
__Hinit                  init         000012
__Hintcode               intcode      00000E
__Hintcode_body          intcode_body 000000
__Hintcodelo             intcodelo    00000E
__Hintentry              intentry     000000
__Hintret                intret       000000
__Hintsave_regs          intsave_regs 000000
__Hirdata                irdata       000000
__Hmediumconst           mediumconst  000000
__HnvFARRAM              nvFARRAM     000000
__Hnvbit                 nvbit        000000
__Hnvrram                nvrram       000000
__Hparam                 rparam       000000
__Hpowerup               powerup      00000E
__Hram                   ram          000000
__Hramtop                ramtop       000600
__Hrbit                  rbit         000000
__Hrbss                  rbss         000000
__Hrdata                 rdata        000000
__Hreset_vec             reset_vec    000004
__Hrparam                rparam       000000
__Hsfr                   sfr          000000
__Hsmallconst            smallconst   000000
__Hspace_0               (abs)        00165A
__Hspace_1               (abs)        000583
__Hspace_2               (abs)        000000
__Hspace_4               (abs)        60000E
__Hstack                 stack        000000
__Hstruct                struct       000000
__Htemp                  temp         00004D
__Htext                  text         000000
__Htext0                 text0        000000
__Htext1                 text1        000000
__Htext10                text10       000000
__Htext11                text11       000000
__Htext12                text12       000000
__Htext13                text13       000000
__Htext14                text14       000000
__Htext15                text15       000000
__Htext16                text16       000000
__Htext17                text17       000000
__Htext18                text18       000000
__Htext19                text19       000000
__Htext2                 text2        000000
__Htext20                text20       000000
__Htext21                text21       000000
__Htext22                text22       000000
__Htext23                text23       000000
__Htext24                text24       000000
__Htext25                text25       000000
__Htext26                text26       000000
__Htext28                text28       000000
__Htext29                text29       000000
__Htext3                 text3        000000
__Htext30                text30       000000
__Htext31                text31       000000
__Htext32                text32       000000
__Htext4                 text4        000000
__Htext5                 text5        000000
__Htext6                 text6        000000
__Htext7                 text7        000000
__Htext8                 text8        000000
__Htext9                 text9        000000
__LRAM                   (abs)        000001
__Labs1                  abs1         000000
__Lbank0                 bank0        000000
__Lbank1                 bank1        000000
__Lbank2                 bank2        000000
__Lbank3                 bank3        000000
__Lbank4                 bank4        000000
__Lbank5                 bank5        000000
__Lbigbss                bigbss       000000
__Lbigdata               bigdata      000000
__Lbigram                bigram       000000
__Lbss                   bss          000000
__LbssBANK0              bssBANK0     000000
__LbssBIGRAM             bssBIGRAM    000000
__LbssCOMRAM             bssCOMRAM    000000
__Lcinit                 cinit        000000
__Lclrtext               clrtext      000000
__Lcomram                comram       000000
__Lconfig                config       000000
__Lconst                 const        000000
__LcstackBANK0           cstackBANK0  000000
__LcstackBANK1           cstackBANK1  000000
__LcstackCOMRAM          cstackCOMRAM 000000
__Ldata                  data         000000
__LdataCOMRAM            dataCOMRAM   000000
__Leeprom_data           eeprom_data  000000
__Lfarbss                farbss       000000
__Lfardata               fardata      000000
__Libigdata              ibigdata     000000
__Lidata                 idata        000000
__LidataCOMRAM           idataCOMRAM  000000
__Lidloc                 idloc        000000
__Lifardata              ifardata     000000
__Linit                  init         00000E
__Lintcode               intcode      000008
__Lintcode_body          intcode_body 000000
__Lintcodelo             intcodelo    00000E
__Lintentry              intentry     000000
__Lintret                intret       000000
__Lintsave_regs          intsave_regs 000000
__Lirdata                irdata       000000
__Lmediumconst           mediumconst  000000
__LnvFARRAM              nvFARRAM     000000
__Lnvbit                 nvbit        000000
__Lnvrram                nvrram       000000
__Lparam                 rparam       000000
__Lpowerup               powerup      00000E
__Lram                   ram          000000
__Lramtop                ramtop       000600
__Lrbit                  rbit         000000
__Lrbss                  rbss         000000
__Lrdata                 rdata        000000
__Lreset_vec             reset_vec    000000
__Lrparam                rparam       000000
__Lsfr                   sfr          000000
__Lsmallconst            smallconst   000000
__Lspace_0               (abs)        000000
__Lspace_1               (abs)        000000
__Lspace_2               (abs)        000000
__Lspace_4               (abs)        000000
__Lstack                 stack        000000
__Lstruct                struct       000000
__Ltemp                  temp         00004C
__Ltext                  text         000000
__Ltext0                 text0        000000
__Ltext1                 text1        000000
__Ltext10                text10       000000
__Ltext11                text11       000000
__Ltext12                text12       000000
__Ltext13                text13       000000
__Ltext14                text14       000000
__Ltext15                text15       000000
__Ltext16                text16       000000
__Ltext17                text17       000000
__Ltext18                text18       000000
__Ltext19                text19       000000
__Ltext2                 text2        000000
__Ltext20                text20       000000
__Ltext21                text21       000000
__Ltext22                text22       000000
__Ltext23                text23       000000
__Ltext24                text24       000000
__Ltext25                text25       000000
__Ltext26                text26       000000
__Ltext28                text28       000000
__Ltext29                text29       000000
__Ltext3                 text3        000000
__Ltext30                text30       000000
__Ltext31                text31       000000
__Ltext32                text32       000000
__Ltext4                 text4        000000
__Ltext5                 text5        000000
__Ltext6                 text6        000000
__Ltext7                 text7        000000
__Ltext8                 text8        000000
__Ltext9                 text9        000000
__S0                     (abs)        00165A
__S1                     (abs)        000583
__S2                     (abs)        000000
__S4                     (abs)        000000
__S5                     (abs)        000000
__SRAMmerge              text10       000C06
__SRAMmerge@pSegA        cstackBANK1  000123
__SRAMmerge@pSegB        cstackBANK1  000127
__SRAMmerge@uSegA        cstackBANK1  000129
__SRAMmerge@uSegB        cstackBANK1  00012A
__SRAMmerge@uSum         cstackBANK1  000126
___inthi_sp              stack        000000
___intlo_sp              stack        000000
___lwmod                 text19       001308
___lwmod@counter         cstackBANK0  00009B
___lwmod@dividend        cstackBANK0  000097
___lwmod@divisor         cstackBANK0  000099
___param_bank            (abs)        000000
___rparam_used           (abs)        000001
___sp                    stack        000000
___wmul                  text4        00159C
___wmul@multiplicand     cstackBANK1  000125
___wmul@multiplier       cstackBANK1  000123
___wmul@product          cstackBANK1  000127
__accesstop              (abs)        000080
__activetblptr           (abs)        000000
__end_of_IRQ_Timer0      intcode_body 0009D4
__end_of_SRAMInitHeap    text11       001308
__end_of_SRAMalloc       text9        000AFA
__end_of__SRAMmerge      text10       000CE0
__end_of___lwmod         text19       00136E
__end_of___wmul          text4        0015C4
__end_of__initialization cinit        00145E
__end_of_config_tasks    text6        001152
__end_of_controle_delay  text30       000DBA
__end_of_main            text0        000F1C
__end_of_os_config       text2        00152E
__end_of_os_start        text1        001650
__end_of_pipe_create     text8        0013C6
__end_of_pipe_read       text23       0010CC
__end_of_pipe_write      text18       000FB0
__end_of_rr_scheduler    text16       001234
__end_of_scheduler       text15       001636
__end_of_sem_init        text7        00141A
__end_of_sem_post        text21       000C06
__end_of_sem_wait        text14       00053E
__end_of_setup_timer_0   text5        001628
__end_of_task_1          text13       00159C
__end_of_task_2          text20       001568
__end_of_task_3          text22       000E84
__end_of_task_4          text24       0014AE
__end_of_task_5          text25       001040
__end_of_task_6          text26       0014F4
__end_of_task_create     text3        0011C4
__end_of_task_idle       text12       001658
__end_ofi1___wmul        text17       0015EC
__end_ofi2___wmul        text31       001612
__end_ofi2_rr_scheduler  text29       0012A0
__end_ofi2_scheduler     text28       001644
__initialization         cinit        00141A
__mediumconst            mediumconst  000000
__pbssBANK0              bssBANK0     00009D
__pbssBIGRAM             bssBIGRAM    000179
__pbssCOMRAM             bssCOMRAM    000001
__pcinit                 cinit        00141A
__pcstackBANK0           cstackBANK0  000080
__pcstackBANK1           cstackBANK1  000100
__pcstackCOMRAM          cstackCOMRAM 000027
__pdataCOMRAM            dataCOMRAM   00004A
__pidataCOMRAM           idataCOMRAM  001658
__pintcode               intcode      000008
__pintcode_body          intcode_body 00053E
__ptext0                 text0        000E84
__ptext1                 text1        001644
__ptext10                text10       000C06
__ptext11                text11       0012A0
__ptext12                text12       001650
__ptext13                text13       001568
__ptext14                text14       000012
__ptext15                text15       001628
__ptext16                text16       0011C4
__ptext17                text17       0015C4
__ptext18                text18       000F1C
__ptext19                text19       001308
__ptext2                 text2        0014F4
__ptext20                text20       00152E
__ptext21                text21       000AFA
__ptext22                text22       000DBA
__ptext23                text23       001040
__ptext24                text24       001468
__ptext25                text25       000FB0
__ptext26                text26       0014AE
__ptext28                text28       001636
__ptext29                text29       001234
__ptext3                 text3        001152
__ptext30                text30       000CE0
__ptext31                text31       0015EC
__ptext32                text32       000000
__ptext4                 text4        00159C
__ptext5                 text5        001612
__ptext6                 text6        0010CC
__ptext7                 text7        0013C6
__ptext8                 text8        00136E
__ptext9                 text9        0009D4
__ramtop                 ramtop       000600
__size_of_IRQ_Timer0     (abs)        000000
__size_of_SRAMInitHeap   (abs)        000000
__size_of_SRAMalloc      (abs)        000000
__size_of__SRAMmerge     (abs)        000000
__size_of___lwmod        (abs)        000000
__size_of___wmul         (abs)        000000
__size_of_config_tasks   (abs)        000000
__size_of_controle_delay (abs)        000000
__size_of_main           (abs)        000000
__size_of_os_config      (abs)        000000
__size_of_os_start       (abs)        000000
__size_of_pipe_create    (abs)        000000
__size_of_pipe_read      (abs)        000000
__size_of_pipe_write     (abs)        000000
__size_of_rr_scheduler   (abs)        000000
__size_of_scheduler      (abs)        000000
__size_of_sem_init       (abs)        000000
__size_of_sem_post       (abs)        000000
__size_of_sem_wait       (abs)        000000
__size_of_setup_timer_0  (abs)        000000
__size_of_task_1         (abs)        000000
__size_of_task_2         (abs)        000000
__size_of_task_3         (abs)        000000
__size_of_task_4         (abs)        000000
__size_of_task_5         (abs)        000000
__size_of_task_6         (abs)        000000
__size_of_task_create    (abs)        000000
__size_of_task_idle      (abs)        000000
__size_ofi1___wmul       (abs)        000000
__size_ofi2___wmul       (abs)        000000
__size_ofi2_rr_scheduler (abs)        000000
__size_ofi2_scheduler    (abs)        000000
__smallconst             smallconst   000000
__uDynamicHeap           bssBIGRAM    000383
_config_tasks            text6        0010CC
_controle_delay          text30       000CE0
_f_aptos                 bssBIGRAM    000179
_index                   bssCOMRAM    000001
_main                    text0        000E84
_os_config               text2        0014F4
_os_start                text1        001644
_pipe_create             text8        00136E
_pipe_error              bssBANK0     0000A5
_pipe_igni               bssBANK0     0000AD
_pipe_motor_error        bssBANK0     00009D
_pipe_read               text23       001040
_pipe_write              text18       000F1C
_quantum                 dataCOMRAM   00004A
_rr_scheduler            text16       0011C4
_scheduler               text15       001628
_sem_igni                bssCOMRAM    000015
_sem_init                text7        0013C6
_sem_motor               bssCOMRAM    000003
_sem_post                text21       000AFA
_sem_wait                text14       000012
_setup_timer_0           text5        001612
_task_1                  text13       001568
_task_2                  text20       00152E
_task_3                  text22       000DBA
_task_4                  text24       001468
_task_5                  text25       000FB0
_task_6                  text26       0014AE
_task_create             text3        001152
_task_idle               text12       001650
btemp                    temp         00004C
controle_delay@i         cstackCOMRAM 00002F
end_of_initialization    cinit        00145E
i1___wmul                text17       0015C4
i1___wmul@multiplicand   cstackBANK0  000099
i1___wmul@multiplier     cstackBANK0  000097
i1___wmul@product        cstackBANK0  00009B
i2___wmul                text31       0015EC
i2___wmul@multiplicand   cstackCOMRAM 000029
i2___wmul@multiplier     cstackCOMRAM 000027
i2___wmul@product        cstackCOMRAM 00002B
i2_rr_scheduler          text29       001234
i2_scheduler             text28       001636
i2rr_scheduler@next_task cstackCOMRAM 000031
int$flags                temp         00004C
int_func                 intcode_body 00053E
intlevel0                text         000000
intlevel1                text         000000
intlevel2                text         000000
intlevel3                text         000000
pipe_create@p            cstackBANK1  000136
pipe_create@size         cstackBANK1  000138
pipe_read@data           cstackCOMRAM 000042
pipe_read@p              cstackCOMRAM 00003C
pipe_write@data          cstackBANK1  00011E
pipe_write@p             cstackBANK1  00011C
rr_scheduler@next_task   cstackCOMRAM 000040
sem_init@sem             cstackBANK1  000123
sem_init@valor           cstackBANK1  000125
sem_post@sem             cstackBANK1  00011C
sem_wait@sem             cstackCOMRAM 000044
stackhi                  (abs)        0005FF
stacklo                  (abs)        000583
start                    init         00000E
start_initialization     cinit        00141A
task_create@func         cstackBANK1  00012B
task_create@new_task     cstackBANK1  00012F
task_create@prior        cstackBANK1  000129
ttemp5                   temp         00004D
ttemp6                   temp         000050
ttemp7                   temp         000054
wtemp8                   temp         00004D


FUNCTION INFORMATION:

 *************** function _main *****************
 Defined at:
		line 12 in file "main.c"
 Parameters:    Size  Location     Type
		None
 Auto vars:     Size  Location     Type
		None
 Return value:  Size  Location     Type
                  1    wreg      void 
 Registers used:
		wreg, fsr1l, fsr1h, fsr2l, fsr2h, status,2, status,0, prodl, prodh, cstack
 Tracked objects:
		On entry : 
		On exit  : 
		Unchanged: 
 Data sizes:     COMRAM   BANK0   BANK1   BANK2   BANK3   BANK4   BANK5
      Params:         0       0       0       0       0       0       0
      Locals:         0       0       0       0       0       0       0
      Temps:          0       0       0       0       0       0       0
      Totals:         0       0       0       0       0       0       0
Total ram usage:        0 bytes
 Hardware stack levels required when called:   14
 This function calls:
		_SRAMInitHeap
		_os_config
		_os_start
		_task_create
		_task_idle
 This function is called by:
		Startup code after reset
 This function uses a non-reentrant model


 *************** function _os_start *****************
 Defined at:
		line 37 in file "kernel.c"
 Parameters:    Size  Location     Type
		None
 Auto vars:     Size  Location     Type
		None
 Return value:  Size  Location     Type
                  1    wreg      void 
 Registers used:
		wreg, status,2
 Tracked objects:
		On entry : 
		On exit  : 
		Unchanged: 
 Data sizes:     COMRAM   BANK0   BANK1   BANK2   BANK3   BANK4   BANK5
      Params:         0       0       0       0       0       0       0
      Locals:         0       0       0       0       0       0       0
      Temps:          0       0       0       0       0       0       0
      Totals:         0       0       0       0       0       0       0
Total ram usage:        0 bytes
 Hardware stack levels used:    1
 Hardware stack levels required when called:    9
 This function calls:
		Nothing
 This function is called by:
		_main
 This function uses a non-reentrant model


 *************** function _os_config *****************
 Defined at:
		line 45 in file "kernel.c"
 Parameters:    Size  Location     Type
		None
 Auto vars:     Size  Location     Type
		None
 Return value:  Size  Location     Type
                  1    wreg      void 
 Registers used:
		wreg, fsr1l, fsr1h, fsr2l, fsr2h, status,2, status,0, prodl, prodh, cstack
 Tracked objects:
		On entry : 
		On exit  : 
		Unchanged: 
 Data sizes:     COMRAM   BANK0   BANK1   BANK2   BANK3   BANK4   BANK5
      Params:         0       0       0       0       0       0       0
      Locals:         0       0       0       0       0       0       0
      Temps:          0       0       0       0       0       0       0
      Totals:         0       0       0       0       0       0       0
Total ram usage:        0 bytes
 Hardware stack levels used:    1
 Hardware stack levels required when called:   13
 This function calls:
		_config_tasks
		_setup_timer_0
		_task_create
 This function is called by:
		_main
 This function uses a non-reentrant model


 *************** function _task_create *****************
 Defined at:
		line 23 in file "kernel.c"
 Parameters:    Size  Location     Type
  prior           2   41[BANK1 ] unsigned int 
  func            2   43[BANK1 ] PTR FTN()void 
		 -> task_6(1), task_5(1), task_4(1), task_3(1), 
		 -> task_2(1), task_1(1), task_idle(1), 
 Auto vars:     Size  Location     Type
  new_task       74   47[BANK1 ] struct tcb
 Return value:  Size  Location     Type
                  1    wreg      void 
 Registers used:
		wreg, fsr1l, fsr1h, fsr2l, fsr2h, status,2, status,0, prodl, prodh, cstack
 Tracked objects:
		On entry : 
		On exit  : 
		Unchanged: 
 Data sizes:     COMRAM   BANK0   BANK1   BANK2   BANK3   BANK4   BANK5
      Params:         0       0       4       0       0       0       0
      Locals:         0       0      74       0       0       0       0
      Temps:          0       0       2       0       0       0       0
      Totals:         0       0      80       0       0       0       0
Total ram usage:       80 bytes
 Hardware stack levels used:    1
 Hardware stack levels required when called:   10
 This function calls:
		___wmul
 This function is called by:
		_os_config
		_main
 This function uses a non-reentrant model


 *************** function ___wmul *****************
 Defined at:
		line 15 in file "C:\Program Files\Microchip\xc8\v2.30\pic\sources\c99\common\Umul16.c"
 Parameters:    Size  Location     Type
  multiplier      2   35[BANK1 ] unsigned int 
  multiplicand    2   37[BANK1 ] unsigned int 
 Auto vars:     Size  Location     Type
  product         2   39[BANK1 ] unsigned int 
 Return value:  Size  Location     Type
                  2   35[BANK1 ] unsigned int 
 Registers used:
		wreg, status,2, status,0, prodl, prodh
 Tracked objects:
		On entry : 
		On exit  : 
		Unchanged: 
 Data sizes:     COMRAM   BANK0   BANK1   BANK2   BANK3   BANK4   BANK5
      Params:         0       0       4       0       0       0       0
      Locals:         0       0       2       0       0       0       0
      Temps:          0       0       0       0       0       0       0
      Totals:         0       0       6       0       0       0       0
Total ram usage:        6 bytes
 Hardware stack levels used:    1
 Hardware stack levels required when called:    9
 This function calls:
		Nothing
 This function is called by:
		_task_create
		_task_delay
		_task_yield
		_prior_scheduler
 This function uses a non-reentrant model


 *************** function _setup_timer_0 *****************
 Defined at:
		line 9 in file "timer.c"
 Parameters:    Size  Location     Type
		None
 Auto vars:     Size  Location     Type
		None
 Return value:  Size  Location     Type
                  1    wreg      void 
 Registers used:
		wreg, status,2
 Tracked objects:
		On entry : 
		On exit  : 
		Unchanged: 
 Data sizes:     COMRAM   BANK0   BANK1   BANK2   BANK3   BANK4   BANK5
      Params:         0       0       0       0       0       0       0
      Locals:         0       0       0       0       0       0       0
      Temps:          0       0       0       0       0       0       0
      Totals:         0       0       0       0       0       0       0
Total ram usage:        0 bytes
 Hardware stack levels used:    1
 Hardware stack levels required when called:    9
 This function calls:
		Nothing
 This function is called by:
		_os_config
 This function uses a non-reentrant model


 *************** function _config_tasks *****************
 Defined at:
		line 25 in file "tasks.c"
 Parameters:    Size  Location     Type
		None
 Auto vars:     Size  Location     Type
		None
 Return value:  Size  Location     Type
                  1    wreg      void 
 Registers used:
		wreg, fsr2l, fsr2h, status,2, status,0, prodl, prodh, cstack
 Tracked objects:
		On entry : 
		On exit  : 
		Unchanged: 
 Data sizes:     COMRAM   BANK0   BANK1   BANK2   BANK3   BANK4   BANK5
      Params:         0       0       0       0       0       0       0
      Locals:         0       0       0       0       0       0       0
      Temps:          0       0       0       0       0       0       0
      Totals:         0       0       0       0       0       0       0
Total ram usage:        0 bytes
 Hardware stack levels used:    1
 Hardware stack levels required when called:   12
 This function calls:
		_pipe_create
		_sem_init
 This function is called by:
		_os_config
 This function uses a non-reentrant model


 *************** function _sem_init *****************
 Defined at:
		line 9 in file "semaforo.c"
 Parameters:    Size  Location     Type
  sem             2   35[BANK1 ] PTR struct semaforo
		 -> sem_motor(18), sem_igni(18), 
  valor           2   37[BANK1 ] int 
 Auto vars:     Size  Location     Type
		None
 Return value:  Size  Location     Type
                  1    wreg      void 
 Registers used:
		wreg, fsr2l, fsr2h, status,2, status,0
 Tracked objects:
		On entry : 
		On exit  : 
		Unchanged: 
 Data sizes:     COMRAM   BANK0   BANK1   BANK2   BANK3   BANK4   BANK5
      Params:         0       0       4       0       0       0       0
      Locals:         0       0       0       0       0       0       0
      Temps:          0       0       0       0       0       0       0
      Totals:         0       0       4       0       0       0       0
Total ram usage:        4 bytes
 Hardware stack levels used:    1
 Hardware stack levels required when called:    9
 This function calls:
		Nothing
 This function is called by:
		_config_tasks
 This function uses a non-reentrant model


 *************** function _pipe_create *****************
 Defined at:
		line 5 in file "pipe.c"
 Parameters:    Size  Location     Type
  p               2   54[BANK1 ] PTR struct pipe
		 -> pipe_motor_error(8), pipe_error(8), pipe_igni(8), 
  size            2   56[BANK1 ] unsigned int 
 Auto vars:     Size  Location     Type
		None
 Return value:  Size  Location     Type
                  1    wreg      void 
 Registers used:
		wreg, fsr2l, fsr2h, status,2, status,0, prodl, prodh, cstack
 Tracked objects:
		On entry : 
		On exit  : 
		Unchanged: 
 Data sizes:     COMRAM   BANK0   BANK1   BANK2   BANK3   BANK4   BANK5
      Params:         0       0       4       0       0       0       0
      Locals:         0       0       0       0       0       0       0
      Temps:          0       0       0       0       0       0       0
      Totals:         0       0       4       0       0       0       0
Total ram usage:        4 bytes
 Hardware stack levels used:    1
 Hardware stack levels required when called:   11
 This function calls:
		_SRAMalloc
 This function is called by:
		_config_tasks
 This function uses a non-reentrant model


 *************** function _SRAMalloc *****************
 Defined at:
		line 141 in file "mm.c"
 Parameters:    Size  Location     Type
  nBytes          1    wreg     unsigned char 
 Auto vars:     Size  Location     Type
  nBytes          1   51[BANK1 ] unsigned char 
  pHeap           2   52[BANK1 ] PTR struct _SALLOC
		 -> _uDynamicHeap(512), 
  temp            2   47[BANK1 ] PTR struct _SALLOC
		 -> _uDynamicHeap(512), 
  segHeader       1   50[BANK1 ] struct _SALLOC
  segLen          1   49[BANK1 ] unsigned char 
 Return value:  Size  Location     Type
                  2   43[BANK1 ] PTR unsigned char 
 Registers used:
		wreg, fsr2l, fsr2h, status,2, status,0, prodl, prodh, cstack
 Tracked objects:
		On entry : 
		On exit  : 
		Unchanged: 
 Data sizes:     COMRAM   BANK0   BANK1   BANK2   BANK3   BANK4   BANK5
      Params:         0       0       2       0       0       0       0
      Locals:         0       0       7       0       0       0       0
      Temps:          0       0       2       0       0       0       0
      Totals:         0       0      11       0       0       0       0
Total ram usage:       11 bytes
 Hardware stack levels used:    1
 Hardware stack levels required when called:   10
 This function calls:
		__SRAMmerge
 This function is called by:
		_pipe_create
 This function uses a non-reentrant model


 *************** function __SRAMmerge *****************
 Defined at:
		line 309 in file "mm.c"
 Parameters:    Size  Location     Type
  pSegA           2   35[BANK1 ] PTR struct _SALLOC
		 -> _uDynamicHeap(512), 
 Auto vars:     Size  Location     Type
  pSegB           2   39[BANK1 ] PTR struct _SALLOC
		 -> _uDynamicHeap(512), 
  uSegB           1   42[BANK1 ] struct _SALLOC
  uSegA           1   41[BANK1 ] struct _SALLOC
  uSum            1   38[BANK1 ] struct _SALLOC
 Return value:  Size  Location     Type
                  1    wreg      unsigned char 
 Registers used:
		wreg, fsr2l, fsr2h, status,2, status,0, prodl, prodh
 Tracked objects:
		On entry : 
		On exit  : 
		Unchanged: 
 Data sizes:     COMRAM   BANK0   BANK1   BANK2   BANK3   BANK4   BANK5
      Params:         0       0       2       0       0       0       0
      Locals:         0       0       5       0       0       0       0
      Temps:          0       0       1       0       0       0       0
      Totals:         0       0       8       0       0       0       0
Total ram usage:        8 bytes
 Hardware stack levels used:    1
 Hardware stack levels required when called:    9
 This function calls:
		Nothing
 This function is called by:
		_SRAMalloc
 This function uses a non-reentrant model


 *************** function _SRAMInitHeap *****************
 Defined at:
		line 263 in file "mm.c"
 Parameters:    Size  Location     Type
		None
 Auto vars:     Size  Location     Type
  count           2   37[BANK1 ] unsigned int 
  pHeap           2   35[BANK1 ] PTR unsigned char 
		 -> _uDynamicHeap(512), 
 Return value:  Size  Location     Type
                  1    wreg      void 
 Registers used:
		wreg, fsr2l, fsr2h, status,2, status,0
 Tracked objects:
		On entry : 
		On exit  : 
		Unchanged: 
 Data sizes:     COMRAM   BANK0   BANK1   BANK2   BANK3   BANK4   BANK5
      Params:         0       0       0       0       0       0       0
      Locals:         0       0       4       0       0       0       0
      Temps:          0       0       0       0       0       0       0
      Totals:         0       0       4       0       0       0       0
Total ram usage:        4 bytes
 Hardware stack levels used:    1
 Hardware stack levels required when called:    9
 This function calls:
		Nothing
 This function is called by:
		_main
 This function uses a non-reentrant model


 *************** function _task_idle *****************
 Defined at:
		line 58 in file "kernel.c"
 Parameters:    Size  Location     Type
		None
 Auto vars:     Size  Location     Type
		None
 Return value:  Size  Location     Type
                  1    wreg      void 
 Registers used:
		None
 Tracked objects:
		On entry : 
		On exit  : 
		Unchanged: 
 Data sizes:     COMRAM   BANK0   BANK1   BANK2   BANK3   BANK4   BANK5
      Params:         0       0       0       0       0       0       0
      Locals:         0       0       0       0       0       0       0
      Temps:          0       0       0       0       0       0       0
      Totals:         0       0       0       0       0       0       0
Total ram usage:        0 bytes
 Hardware stack levels used:    1
 Hardware stack levels required when called:    9
 This function calls:
		Nothing
 This function is called by:
		_os_config
		_main
 This function uses a non-reentrant model


 *************** function _task_1 *****************
 Defined at:
		line 45 in file "tasks.c"
 Parameters:    Size  Location     Type
		None
 Auto vars:     Size  Location     Type
		None
 Return value:  Size  Location     Type
                  1    wreg      void 
 Registers used:
		wreg, fsr1l, fsr1h, fsr2l, fsr2h, status,2, status,0, prodl, prodh, cstack
 Tracked objects:
		On entry : 
		On exit  : 
		Unchanged: 
 Data sizes:     COMRAM   BANK0   BANK1   BANK2   BANK3   BANK4   BANK5
      Params:         0       0       0       0       0       0       0
      Locals:         0       0       0       0       0       0       0
      Temps:          0       0       0       0       0       0       0
      Totals:         0       0       0       0       0       0       0
Total ram usage:        0 bytes
 Hardware stack levels used:    1
 Hardware stack levels required when called:    8
 This function calls:
		_pipe_write
		_sem_wait
 This function is called by:
		_main
 This function uses a non-reentrant model


 *************** function _sem_wait *****************
 Defined at:
		line 19 in file "semaforo.c"
 Parameters:    Size  Location     Type
  sem             2   29[COMRAM] PTR struct semaforo
		 -> sem_motor(18), sem_igni(18), 
 Auto vars:     Size  Location     Type
		None
 Return value:  Size  Location     Type
                  1    wreg      void 
 Registers used:
		wreg, fsr1l, fsr1h, fsr2l, fsr2h, status,2, status,0, prodl, prodh, cstack
 Tracked objects:
		On entry : 
		On exit  : 
		Unchanged: 
 Data sizes:     COMRAM   BANK0   BANK1   BANK2   BANK3   BANK4   BANK5
      Params:         2       0       0       0       0       0       0
      Locals:         0       0       0       0       0       0       0
      Temps:          4       0       0       0       0       0       0
      Totals:         6       0       0       0       0       0       0
Total ram usage:        6 bytes
 Hardware stack levels used:    1
 Hardware stack levels required when called:    7
 This function calls:
		___lwmod
		_scheduler
		i1___wmul
 This function is called by:
		_task_1
		_task_5
 This function uses a non-reentrant model


 *************** function _scheduler *****************
 Defined at:
		line 8 in file "scheduler.c"
 Parameters:    Size  Location     Type
		None
 Auto vars:     Size  Location     Type
		None
 Return value:  Size  Location     Type
                  2   27[COMRAM] unsigned int 
 Registers used:
		wreg, fsr2l, fsr2h, status,2, status,0, prodl, prodh, cstack
 Tracked objects:
		On entry : 
		On exit  : 
		Unchanged: 
 Data sizes:     COMRAM   BANK0   BANK1   BANK2   BANK3   BANK4   BANK5
      Params:         2       0       0       0       0       0       0
      Locals:         0       0       0       0       0       0       0
      Temps:          0       0       0       0       0       0       0
      Totals:         2       0       0       0       0       0       0
Total ram usage:        2 bytes
 Hardware stack levels used:    1
 Hardware stack levels required when called:    6
 This function calls:
		_rr_scheduler
 This function is called by:
		_sem_wait
		_task_delay
		_task_yield
 This function uses a non-reentrant model


 *************** function _rr_scheduler *****************
 Defined at:
		line 16 in file "scheduler.c"
 Parameters:    Size  Location     Type
		None
 Auto vars:     Size  Location     Type
  next_task       2   25[COMRAM] unsigned int 
 Return value:  Size  Location     Type
                  2   21[COMRAM] unsigned int 
 Registers used:
		wreg, fsr2l, fsr2h, status,2, status,0, prodl, prodh, cstack
 Tracked objects:
		On entry : 
		On exit  : 
		Unchanged: 
 Data sizes:     COMRAM   BANK0   BANK1   BANK2   BANK3   BANK4   BANK5
      Params:         2       0       0       0       0       0       0
      Locals:         2       0       0       0       0       0       0
      Temps:          2       0       0       0       0       0       0
      Totals:         6       0       0       0       0       0       0
Total ram usage:        6 bytes
 Hardware stack levels used:    1
 Hardware stack levels required when called:    5
 This function calls:
		i1___wmul
 This function is called by:
		_scheduler
 This function uses a non-reentrant model


 *************** function i1___wmul *****************
 Defined at:
		line 15 in file "C:\Program Files\Microchip\xc8\v2.30\pic\sources\c99\common\Umul16.c"
 Parameters:    Size  Location     Type
  multiplier      2   23[BANK0 ] unsigned int 
  multiplicand    2   25[BANK0 ] unsigned int 
 Auto vars:     Size  Location     Type
  product         2   27[BANK0 ] unsigned int 
 Return value:  Size  Location     Type
                  2   23[BANK0 ] unsigned int 
 Registers used:
		wreg, status,2, status,0, prodl, prodh
 Tracked objects:
		On entry : 
		On exit  : 
		Unchanged: 
 Data sizes:     COMRAM   BANK0   BANK1   BANK2   BANK3   BANK4   BANK5
      Params:         0       4       0       0       0       0       0
      Locals:         0       2       0       0       0       0       0
      Temps:          0       0       0       0       0       0       0
      Totals:         0       6       0       0       0       0       0
Total ram usage:        6 bytes
 Hardware stack levels used:    1
 Hardware stack levels required when called:    4
 This function calls:
		Nothing
 This function is called by:
		_rr_scheduler
		_sem_wait
		_sem_post
 This function uses a non-reentrant model


 *************** function _pipe_write *****************
 Defined at:
		line 23 in file "pipe.c"
 Parameters:    Size  Location     Type
  p               2   28[BANK1 ] PTR struct pipe
		 -> pipe_motor_error(8), pipe_error(8), pipe_igni(8), 
  data            1   30[BANK1 ] unsigned char 
 Auto vars:     Size  Location     Type
		None
 Return value:  Size  Location     Type
                  1    wreg      void 
 Registers used:
		wreg, fsr2l, fsr2h, status,2, status,0, cstack
 Tracked objects:
		On entry : 
		On exit  : 
		Unchanged: 
 Data sizes:     COMRAM   BANK0   BANK1   BANK2   BANK3   BANK4   BANK5
      Params:         0       0       3       0       0       0       0
      Locals:         0       0       0       0       0       0       0
      Temps:          0       0       4       0       0       0       0
      Totals:         0       0       7       0       0       0       0
Total ram usage:        7 bytes
 Hardware stack levels used:    1
 Hardware stack levels required when called:    5
 This function calls:
		___lwmod
 This function is called by:
		_task_1
		_task_2
		_task_3
		_task_5
		_task_6
 This function uses a non-reentrant model


 *************** function ___lwmod *****************
 Defined at:
		line 7 in file "C:\Program Files\Microchip\xc8\v2.30\pic\sources\c99\common\lwmod.c"
 Parameters:    Size  Location     Type
  dividend        2   23[BANK0 ] unsigned int 
  divisor         2   25[BANK0 ] unsigned int 
 Auto vars:     Size  Location     Type
  counter         1   27[BANK0 ] unsigned char 
 Return value:  Size  Location     Type
                  2   23[BANK0 ] unsigned int 
 Registers used:
		wreg, status,2, status,0
 Tracked objects:
		On entry : 
		On exit  : 
		Unchanged: 
 Data sizes:     COMRAM   BANK0   BANK1   BANK2   BANK3   BANK4   BANK5
      Params:         0       4       0       0       0       0       0
      Locals:         0       1       0       0       0       0       0
      Temps:          0       0       0       0       0       0       0
      Totals:         0       5       0       0       0       0       0
Total ram usage:        5 bytes
 Hardware stack levels used:    1
 Hardware stack levels required when called:    4
 This function calls:
		Nothing
 This function is called by:
		_sem_wait
		_sem_post
		_pipe_read
		_pipe_write
 This function uses a non-reentrant model


 *************** function _task_2 *****************
 Defined at:
		line 56 in file "tasks.c"
 Parameters:    Size  Location     Type
		None
 Auto vars:     Size  Location     Type
		None
 Return value:  Size  Location     Type
                  1    wreg      void 
 Registers used:
		wreg, fsr1l, fsr1h, fsr2l, fsr2h, status,2, status,0, prodl, prodh, cstack
 Tracked objects:
		On entry : 
		On exit  : 
		Unchanged: 
 Data sizes:     COMRAM   BANK0   BANK1   BANK2   BANK3   BANK4   BANK5
      Params:         0       0       0       0       0       0       0
      Locals:         0       0       0       0       0       0       0
      Temps:          0       0       0       0       0       0       0
      Totals:         0       0       0       0       0       0       0
Total ram usage:        0 bytes
 Hardware stack levels used:    1
 Hardware stack levels required when called:    6
 This function calls:
		_pipe_write
		_sem_post
 This function is called by:
		_main
 This function uses a non-reentrant model


 *************** function _sem_post *****************
 Defined at:
		line 35 in file "semaforo.c"
 Parameters:    Size  Location     Type
  sem             2   28[BANK1 ] PTR struct semaforo
		 -> sem_motor(18), sem_igni(18), 
 Auto vars:     Size  Location     Type
		None
 Return value:  Size  Location     Type
                  1    wreg      void 
 Registers used:
		wreg, fsr1l, fsr1h, fsr2l, fsr2h, status,2, status,0, prodl, prodh, cstack
 Tracked objects:
		On entry : 
		On exit  : 
		Unchanged: 
 Data sizes:     COMRAM   BANK0   BANK1   BANK2   BANK3   BANK4   BANK5
      Params:         0       0       2       0       0       0       0
      Locals:         0       0       0       0       0       0       0
      Temps:          0       0       5       0       0       0       0
      Totals:         0       0       7       0       0       0       0
Total ram usage:        7 bytes
 Hardware stack levels used:    1
 Hardware stack levels required when called:    5
 This function calls:
		___lwmod
		i1___wmul
 This function is called by:
		_task_2
		_task_6
 This function uses a non-reentrant model


 *************** function _task_3 *****************
 Defined at:
		line 69 in file "tasks.c"
 Parameters:    Size  Location     Type
		None
 Auto vars:     Size  Location     Type
		None
 Return value:  Size  Location     Type
                  1    wreg      void 
 Registers used:
		wreg, fsr2l, fsr2h, status,2, status,0, cstack
 Tracked objects:
		On entry : 
		On exit  : 
		Unchanged: 
 Data sizes:     COMRAM   BANK0   BANK1   BANK2   BANK3   BANK4   BANK5
      Params:         0       0       0       0       0       0       0
      Locals:         0       0       0       0       0       0       0
      Temps:          0       0       0       0       0       0       0
      Totals:         0       0       0       0       0       0       0
Total ram usage:        0 bytes
 Hardware stack levels used:    1
 Hardware stack levels required when called:    6
 This function calls:
		_pipe_read
		_pipe_write
 This function is called by:
		_main
 This function uses a non-reentrant model


 *************** function _pipe_read *****************
 Defined at:
		line 13 in file "pipe.c"
 Parameters:    Size  Location     Type
  p               2   21[COMRAM] PTR struct pipe
		 -> pipe_motor_error(8), pipe_igni(8), 
 Auto vars:     Size  Location     Type
  data            1   27[COMRAM] unsigned char 
 Return value:  Size  Location     Type
                  1    wreg      unsigned char 
 Registers used:
		wreg, fsr2l, fsr2h, status,2, status,0, cstack
 Tracked objects:
		On entry : 
		On exit  : 
		Unchanged: 
 Data sizes:     COMRAM   BANK0   BANK1   BANK2   BANK3   BANK4   BANK5
      Params:         2       0       0       0       0       0       0
      Locals:         1       0       0       0       0       0       0
      Temps:          4       0       0       0       0       0       0
      Totals:         7       0       0       0       0       0       0
Total ram usage:        7 bytes
 Hardware stack levels used:    1
 Hardware stack levels required when called:    5
 This function calls:
		___lwmod
 This function is called by:
		_task_3
		_task_5
 This function uses a non-reentrant model


 *************** function _task_4 *****************
 Defined at:
		line 95 in file "tasks.c"
 Parameters:    Size  Location     Type
		None
 Auto vars:     Size  Location     Type
		None
 Return value:  Size  Location     Type
                  1    wreg      void 
 Registers used:
		None
 Tracked objects:
		On entry : 
		On exit  : 
		Unchanged: 
 Data sizes:     COMRAM   BANK0   BANK1   BANK2   BANK3   BANK4   BANK5
      Params:         0       0       0       0       0       0       0
      Locals:         0       0       0       0       0       0       0
      Temps:          0       0       0       0       0       0       0
      Totals:         0       0       0       0       0       0       0
Total ram usage:        0 bytes
 Hardware stack levels used:    1
 Hardware stack levels required when called:    4
 This function calls:
		Nothing
 This function is called by:
		_main
 This function uses a non-reentrant model


 *************** function _task_5 *****************
 Defined at:
		line 109 in file "tasks.c"
 Parameters:    Size  Location     Type
		None
 Auto vars:     Size  Location     Type
		None
 Return value:  Size  Location     Type
                  1    wreg      void 
 Registers used:
		wreg, fsr1l, fsr1h, fsr2l, fsr2h, status,2, status,0, prodl, prodh, cstack
 Tracked objects:
		On entry : 
		On exit  : 
		Unchanged: 
 Data sizes:     COMRAM   BANK0   BANK1   BANK2   BANK3   BANK4   BANK5
      Params:         0       0       0       0       0       0       0
      Locals:         0       0       0       0       0       0       0
      Temps:          0       0       0       0       0       0       0
      Totals:         0       0       0       0       0       0       0
Total ram usage:        0 bytes
 Hardware stack levels used:    1
 Hardware stack levels required when called:    8
 This function calls:
		_pipe_read
		_pipe_write
		_sem_wait
 This function is called by:
		_main
 This function uses a non-reentrant model


 *************** function _task_6 *****************
 Defined at:
		line 131 in file "tasks.c"
 Parameters:    Size  Location     Type
		None
 Auto vars:     Size  Location     Type
		None
 Return value:  Size  Location     Type
                  1    wreg      void 
 Registers used:
		wreg, fsr1l, fsr1h, fsr2l, fsr2h, status,2, status,0, prodl, prodh, cstack
 Tracked objects:
		On entry : 
		On exit  : 
		Unchanged: 
 Data sizes:     COMRAM   BANK0   BANK1   BANK2   BANK3   BANK4   BANK5
      Params:         0       0       0       0       0       0       0
      Locals:         0       0       0       0       0       0       0
      Temps:          0       0       0       0       0       0       0
      Totals:         0       0       0       0       0       0       0
Total ram usage:        0 bytes
 Hardware stack levels used:    1
 Hardware stack levels required when called:    6
 This function calls:
		_pipe_write
		_sem_post
 This function is called by:
		_main
 This function uses a non-reentrant model


 *************** function _IRQ_Timer0 *****************
 Defined at:
		line 32 in file "timer.c"
 Parameters:    Size  Location     Type
		None
 Auto vars:     Size  Location     Type
		None
 Return value:  Size  Location     Type
                  1    wreg      void 
 Registers used:
		wreg, fsr2l, fsr2h, status,2, status,0, prodl, prodh, cstack
 Tracked objects:
		On entry : 
		On exit  : 
		Unchanged: 
 Data sizes:     COMRAM   BANK0   BANK1   BANK2   BANK3   BANK4   BANK5
      Params:         0       0       0       0       0       0       0
      Locals:         0       0       0       0       0       0       0
      Temps:          6       0       0       0       0       0       0
      Totals:         6       0       0       0       0       0       0
Total ram usage:        6 bytes
 Hardware stack levels used:    1
 Hardware stack levels required when called:    3
 This function calls:
		_controle_delay
		i2___wmul
		i2_scheduler
 This function is called by:
		Interrupt level 2
 This function uses a non-reentrant model


 *************** function i2_scheduler *****************
 Defined at:
		line 8 in file "scheduler.c"
 Parameters:    Size  Location     Type
		None
 Auto vars:     Size  Location     Type
		None
 Return value:  Size  Location     Type
                  2   12[COMRAM] unsigned int 
 Registers used:
		wreg, fsr2l, fsr2h, status,2, status,0, prodl, prodh, cstack
 Tracked objects:
		On entry : 
		On exit  : 
		Unchanged: 
 Data sizes:     COMRAM   BANK0   BANK1   BANK2   BANK3   BANK4   BANK5
      Params:         2       0       0       0       0       0       0
      Locals:         0       0       0       0       0       0       0
      Temps:          0       0       0       0       0       0       0
      Totals:         2       0       0       0       0       0       0
Total ram usage:        2 bytes
 Hardware stack levels used:    1
 Hardware stack levels required when called:    2
 This function calls:
		i2_rr_scheduler
 This function is called by:
		_IRQ_Timer0
 This function uses a non-reentrant model


 *************** function i2_rr_scheduler *****************
 Defined at:
		line 16 in file "scheduler.c"
 Parameters:    Size  Location     Type
		None
 Auto vars:     Size  Location     Type
  next_task       2   10[COMRAM] unsigned int 
 Return value:  Size  Location     Type
                  2    6[COMRAM] unsigned int 
 Registers used:
		wreg, fsr2l, fsr2h, status,2, status,0, prodl, prodh, cstack
 Tracked objects:
		On entry : 
		On exit  : 
		Unchanged: 
 Data sizes:     COMRAM   BANK0   BANK1   BANK2   BANK3   BANK4   BANK5
      Params:         2       0       0       0       0       0       0
      Locals:         2       0       0       0       0       0       0
      Temps:          2       0       0       0       0       0       0
      Totals:         6       0       0       0       0       0       0
Total ram usage:        6 bytes
 Hardware stack levels used:    1
 Hardware stack levels required when called:    1
 This function calls:
		i2___wmul
 This function is called by:
		i2_scheduler
 This function uses a non-reentrant model


 *************** function _controle_delay *****************
 Defined at:
		line 19 in file "timer.c"
 Parameters:    Size  Location     Type
		None
 Auto vars:     Size  Location     Type
  i               2    8[COMRAM] int 
 Return value:  Size  Location     Type
                  1    wreg      void 
 Registers used:
		wreg, fsr2l, fsr2h, status,2, status,0, prodl, prodh, cstack
 Tracked objects:
		On entry : 
		On exit  : 
		Unchanged: 
 Data sizes:     COMRAM   BANK0   BANK1   BANK2   BANK3   BANK4   BANK5
      Params:         0       0       0       0       0       0       0
      Locals:         2       0       0       0       0       0       0
      Temps:          2       0       0       0       0       0       0
      Totals:         4       0       0       0       0       0       0
Total ram usage:        4 bytes
 Hardware stack levels used:    1
 Hardware stack levels required when called:    1
 This function calls:
		i2___wmul
 This function is called by:
		_IRQ_Timer0
 This function uses a non-reentrant model


 *************** function i2___wmul *****************
 Defined at:
		line 15 in file "C:\Program Files\Microchip\xc8\v2.30\pic\sources\c99\common\Umul16.c"
 Parameters:    Size  Location     Type
  multiplier      2    0[COMRAM] unsigned int 
  multiplicand    2    2[COMRAM] unsigned int 
 Auto vars:     Size  Location     Type
  product         2    4[COMRAM] unsigned int 
 Return value:  Size  Location     Type
                  2    0[COMRAM] unsigned int 
 Registers used:
		wreg, status,2, status,0, prodl, prodh
 Tracked objects:
		On entry : 
		On exit  : 
		Unchanged: 
 Data sizes:     COMRAM   BANK0   BANK1   BANK2   BANK3   BANK4   BANK5
      Params:         4       0       0       0       0       0       0
      Locals:         2       0       0       0       0       0       0
      Temps:          0       0       0       0       0       0       0
      Totals:         6       0       0       0       0       0       0
Total ram usage:        6 bytes
 Hardware stack levels used:    1
 This function calls:
		Nothing
 This function is called by:
		_controle_delay
		_IRQ_Timer0
		i2_rr_scheduler
 This function uses a non-reentrant model



MODULE INFORMATION

Module		Function		Class		Link	Load	Size
C:\Program Files\Microchip\xc8\v2.30\pic\sources\c99\common\lwmod.c
		___lwmod       		CODE           	1308	0000	102

C:\Program Files\Microchip\xc8\v2.30\pic\sources\c99\common\lwmod.c estimated size: 102

C:\Program Files\Microchip\xc8\v2.30\pic\sources\c99\common\Umul16.c
		___wmul        		CODE           	159C	0000	40

C:\Program Files\Microchip\xc8\v2.30\pic\sources\c99\common\Umul16.c estimated size: 40

timer.c
		_setup_timer_0 		CODE           	1612	0000	22
		_controle_delay		CODE           	0CE0	0000	218
		_IRQ_Timer0    		CODE           	0008	0000	1180

timer.c estimated size: 1420

semaforo.c
		_sem_wait      		CODE           	0012	0000	1324
		_sem_init      		CODE           	13C6	0000	84
		_sem_post      		CODE           	0AFA	0000	268

semaforo.c estimated size: 1676

tasks.c
		_task_2        		CODE           	152E	0000	58
		_task_5        		CODE           	0FB0	0000	144
		_task_3        		CODE           	0DBA	0000	202
		_task_6        		CODE           	14AE	0000	70
		_task_1        		CODE           	1568	0000	52
		_task_4        		CODE           	1468	0000	70
		_config_tasks  		CODE           	10CC	0000	134

tasks.c estimated size: 730

kernel.c
		_task_create   		CODE           	1152	0000	114
		_os_config     		CODE           	14F4	0000	58
		_os_start      		CODE           	1644	0000	12
		_task_idle     		CODE           	1650	0000	8

kernel.c estimated size: 192

shared
		i1___wmul      		CODE           	15C4	0000	40
		i2___wmul      		CODE           	15EC	0000	38
		__initialization		CODE           	141A	0000	68
		i2_scheduler   		CODE           	1636	0000	14
		i2_rr_scheduler		CODE           	1234	0000	108

shared estimated size: 268

mm.c
		__SRAMmerge    		CODE           	0C06	0000	218
		_SRAMalloc     		CODE           	09D4	0000	294
		_SRAMInitHeap  		CODE           	12A0	0000	104

mm.c estimated size: 616

pipe.c
		_pipe_read     		CODE           	1040	0000	140
		_pipe_write    		CODE           	0F1C	0000	148
		_pipe_create   		CODE           	136E	0000	88

pipe.c estimated size: 376

scheduler.c
		_rr_scheduler  		CODE           	11C4	0000	112
		_scheduler     		CODE           	1628	0000	14

scheduler.c estimated size: 126

main.c
		_main          		CODE           	0E84	0000	152

main.c estimated size: 152

